Archive member included to satisfy reference by file (symbol)

c:/nxp/s32ds_arm_v2.2/s32ds/build_tools/gcc_v6.3/gcc-6.3-arm32-eabi/bin/../lib/gcc/arm-none-eabi/6.3.1/thumb/v6-m\libgcc.a(_udivsi3.o)
                              ./SDK/platform/devices/S32K118/startup/system_S32K118.o (__aeabi_uidiv)
c:/nxp/s32ds_arm_v2.2/s32ds/build_tools/gcc_v6.3/gcc-6.3-arm32-eabi/bin/../lib/gcc/arm-none-eabi/6.3.1/thumb/v6-m\libgcc.a(_divsi3.o)
                              ./Sources/rtt/SEGGER_RTT_printf.o (__aeabi_idiv)
c:/nxp/s32ds_arm_v2.2/s32ds/build_tools/gcc_v6.3/gcc-6.3-arm32-eabi/bin/../lib/gcc/arm-none-eabi/6.3.1/thumb/v6-m\libgcc.a(_dvmd_tls.o)
                              c:/nxp/s32ds_arm_v2.2/s32ds/build_tools/gcc_v6.3/gcc-6.3-arm32-eabi/bin/../lib/gcc/arm-none-eabi/6.3.1/thumb/v6-m\libgcc.a(_udivsi3.o) (__aeabi_idiv0)
c:/nxp/s32ds_arm_v2.2/s32ds/build_tools/gcc_v6.3/gcc-6.3-arm32-eabi/bin/../lib/gcc/arm-none-eabi/6.3.1/thumb/v6-m\libgcc.a(_aeabi_uldivmod.o)
                              ./SDK/platform/drivers/src/lpit/lpit_driver.o (__aeabi_uldivmod)
c:/nxp/s32ds_arm_v2.2/s32ds/build_tools/gcc_v6.3/gcc-6.3-arm32-eabi/bin/../lib/gcc/arm-none-eabi/6.3.1/thumb/v6-m\libgcc.a(_muldi3.o)
                              ./SDK/platform/drivers/src/lpit/lpit_driver.o (__aeabi_lmul)
c:/nxp/s32ds_arm_v2.2/s32ds/build_tools/gcc_v6.3/gcc-6.3-arm32-eabi/bin/../lib/gcc/arm-none-eabi/6.3.1/thumb/v6-m\libgcc.a(_udivmoddi4.o)
                              c:/nxp/s32ds_arm_v2.2/s32ds/build_tools/gcc_v6.3/gcc-6.3-arm32-eabi/bin/../lib/gcc/arm-none-eabi/6.3.1/thumb/v6-m\libgcc.a(_aeabi_uldivmod.o) (__udivmoddi4)
c:/nxp/s32ds_arm_v2.2/s32ds/build_tools/gcc_v6.3/gcc-6.3-arm32-eabi/bin/../lib/gcc/arm-none-eabi/6.3.1/thumb/v6-m\libgcc.a(_clzdi2.o)
                              c:/nxp/s32ds_arm_v2.2/s32ds/build_tools/gcc_v6.3/gcc-6.3-arm32-eabi/bin/../lib/gcc/arm-none-eabi/6.3.1/thumb/v6-m\libgcc.a(_udivmoddi4.o) (__clzdi2)
c:/nxp/s32ds_arm_v2.2/s32ds/build_tools/gcc_v6.3/gcc-6.3-arm32-eabi/bin/../lib/gcc/arm-none-eabi/6.3.1/thumb/v6-m\libgcc.a(_clzsi2.o)
                              c:/nxp/s32ds_arm_v2.2/s32ds/build_tools/gcc_v6.3/gcc-6.3-arm32-eabi/bin/../lib/gcc/arm-none-eabi/6.3.1/thumb/v6-m\libgcc.a(_clzdi2.o) (__clzsi2)
C:/NXP/S32DS_ARM_v2.2/S32DS/build_tools/gcc_v6.3/gcc-6.3-arm32-eabi/arm-none-eabi/newlib/lib/thumb/v6-m\libc_nano.a(lib_a-exit.o)
                              C:/NXP/S32DS_ARM_v2.2/S32DS/build_tools/gcc_v6.3/gcc-6.3-arm32-eabi/arm-none-eabi/newlib/lib/thumb/v6-m/crt0.o (exit)
C:/NXP/S32DS_ARM_v2.2/S32DS/build_tools/gcc_v6.3/gcc-6.3-arm32-eabi/arm-none-eabi/newlib/lib/thumb/v6-m\libc_nano.a(lib_a-impure.o)
                              C:/NXP/S32DS_ARM_v2.2/S32DS/build_tools/gcc_v6.3/gcc-6.3-arm32-eabi/arm-none-eabi/newlib/lib/thumb/v6-m\libc_nano.a(lib_a-exit.o) (_global_impure_ptr)
C:/NXP/S32DS_ARM_v2.2/S32DS/build_tools/gcc_v6.3/gcc-6.3-arm32-eabi/arm-none-eabi/newlib/lib/thumb/v6-m\libc_nano.a(lib_a-init.o)
                              C:/NXP/S32DS_ARM_v2.2/S32DS/build_tools/gcc_v6.3/gcc-6.3-arm32-eabi/arm-none-eabi/newlib/lib/thumb/v6-m/crt0.o (__libc_init_array)
C:/NXP/S32DS_ARM_v2.2/S32DS/build_tools/gcc_v6.3/gcc-6.3-arm32-eabi/arm-none-eabi/newlib/lib/thumb/v6-m\libc_nano.a(lib_a-memcpy-stub.o)
                              ./Sources/rtt/SEGGER_RTT.o (memcpy)
C:/NXP/S32DS_ARM_v2.2/S32DS/build_tools/gcc_v6.3/gcc-6.3-arm32-eabi/arm-none-eabi/newlib/lib/thumb/v6-m\libc_nano.a(lib_a-memset.o)
                              C:/NXP/S32DS_ARM_v2.2/S32DS/build_tools/gcc_v6.3/gcc-6.3-arm32-eabi/arm-none-eabi/newlib/lib/thumb/v6-m/crt0.o (memset)
C:/NXP/S32DS_ARM_v2.2/S32DS/build_tools/gcc_v6.3/gcc-6.3-arm32-eabi/arm-none-eabi/newlib/lib/thumb/v6-m\libc_nano.a(lib_a-strlen.o)
                              ./Sources/rtt/SEGGER_RTT.o (strlen)
C:/NXP/S32DS_ARM_v2.2/S32DS/build_tools/gcc_v6.3/gcc-6.3-arm32-eabi/arm-none-eabi/newlib/lib/thumb/v6-m\libnosys.a(_exit.o)
                              C:/NXP/S32DS_ARM_v2.2/S32DS/build_tools/gcc_v6.3/gcc-6.3-arm32-eabi/arm-none-eabi/newlib/lib/thumb/v6-m\libc_nano.a(lib_a-exit.o) (_exit)

Allocating common symbols
Common symbol       size              file

g_xtal0ClkFreq      0x4               ./SDK/platform/drivers/src/clock/S32K1xx/clock_S32K1xx.o
canCom1_State       0x114             ./Generated_Code/canCom1.o
Adc_Dma_Hw_value    0x40              ./Sources/peripheral/adc/adc.o
task_scheduler      0x40              ./Sources/scheduler/scheduler.o
Adc_Dma_Hw_Buffer   0x4               ./Sources/peripheral/adc/adc.o
recvBuff            0x4c              ./Sources/peripheral/can/can.o
g_RtcClkInFreq      0x4               ./SDK/platform/drivers/src/clock/S32K1xx/clock_S32K1xx.o
adcRawValue         0x10              ./Sources/peripheral/adc/adc.o
g_TClkFreq          0xc               ./SDK/platform/drivers/src/clock/S32K1xx/clock_S32K1xx.o
lpspiCom1State      0x34              ./Generated_Code/lpspiCom1.o
_SEGGER_RTT         0xa8              ./Sources/rtt/SEGGER_RTT.o
[...]
Memory Configuration

Name             Origin             Length             Attributes
m_interrupts     0x00000000         0x000000c0         xr
m_flash_config   0x00000400         0x00000010         xr
m_text           0x00000410         0x0003fbf0         xr
m_custom         0x1ffffc00         0x00000400         rw
m_data           0x20000000         0x000010c0         rw
m_data_2         0x200010c0         0x00004740         rw
*default*        0x00000000         0xffffffff

Linker script and memory map

LOAD c:/nxp/s32ds_arm_v2.2/s32ds/build_tools/gcc_v6.3/gcc-6.3-arm32-eabi/bin/../lib/gcc/arm-none-eabi/6.3.1/thumb/v6-m/crti.o
LOAD c:/nxp/s32ds_arm_v2.2/s32ds/build_tools/gcc_v6.3/gcc-6.3-arm32-eabi/bin/../lib/gcc/arm-none-eabi/6.3.1/thumb/v6-m/crtbegin.o
LOAD C:/NXP/S32DS_ARM_v2.2/S32DS/build_tools/gcc_v6.3/gcc-6.3-arm32-eabi/arm-none-eabi/newlib/lib/thumb/v6-m/crt0.o
LOAD ./Generated_Code/Cpu.o
LOAD ./Generated_Code/adConv1.o
LOAD ./Generated_Code/canCom1.o
LOAD ./Generated_Code/clockMan1.o
LOAD ./Generated_Code/comparator1.o
LOAD ./Generated_Code/dmaController1.o
LOAD ./Generated_Code/flexTimer_ic1.o
LOAD ./Generated_Code/flexTimer_ic2.o
LOAD ./Generated_Code/lpTmr1.o
LOAD ./Generated_Code/lpi2c1.o
LOAD ./Generated_Code/lpit1.o
LOAD ./Generated_Code/lpspiCom1.o
LOAD ./Generated_Code/pdly1.o
LOAD ./Generated_Code/pin_mux.o
LOAD ./Generated_Code/trgmux1.o
LOAD ./Project_Settings/Startup_Code/startup_S32K118.o
LOAD ./SDK/platform/devices/S32K118/startup/system_S32K118.o
LOAD ./SDK/platform/devices/startup.o
LOAD ./SDK/platform/drivers/src/adc/adc_driver.o
LOAD ./SDK/platform/drivers/src/clock/S32K1xx/clock_S32K1xx.o
LOAD ./SDK/platform/drivers/src/cmp/cmp_driver.o
LOAD ./SDK/platform/drivers/src/cmp/cmp_hw_access.o
LOAD ./SDK/platform/drivers/src/edma/edma_driver.o
LOAD ./SDK/platform/drivers/src/edma/edma_hw_access.o
LOAD ./SDK/platform/drivers/src/edma/edma_irq.o
LOAD ./SDK/platform/drivers/src/flexcan/flexcan_driver.o
LOAD ./SDK/platform/drivers/src/flexcan/flexcan_hw_access.o
LOAD ./SDK/platform/drivers/src/flexcan/flexcan_irq.o
LOAD ./SDK/platform/drivers/src/ftm/ftm_common.o
LOAD ./SDK/platform/drivers/src/ftm/ftm_hw_access.o
LOAD ./SDK/platform/drivers/src/ftm/ftm_ic_driver.o
LOAD ./SDK/platform/drivers/src/interrupt/interrupt_manager.o
LOAD ./SDK/platform/drivers/src/lpi2c/lpi2c_driver.o
LOAD ./SDK/platform/drivers/src/lpi2c/lpi2c_hw_access.o
LOAD ./SDK/platform/drivers/src/lpi2c/lpi2c_irq.o
LOAD ./SDK/platform/drivers/src/lpit/lpit_driver.o
LOAD ./SDK/platform/drivers/src/lpspi/lpspi_hw_access.o
LOAD ./SDK/platform/drivers/src/lpspi/lpspi_irq.o
LOAD ./SDK/platform/drivers/src/lpspi/lpspi_master_driver.o
LOAD ./SDK/platform/drivers/src/lpspi/lpspi_shared_function.o
LOAD ./SDK/platform/drivers/src/lpspi/lpspi_slave_driver.o
LOAD ./SDK/platform/drivers/src/lptmr/lptmr_driver.o
LOAD ./SDK/platform/drivers/src/lptmr/lptmr_hw_access.o
LOAD ./SDK/platform/drivers/src/pdb/pdb_driver.o
LOAD ./SDK/platform/drivers/src/pdb/pdb_hw_access.o
LOAD ./SDK/platform/drivers/src/pins/pins_driver.o
LOAD ./SDK/platform/drivers/src/pins/pins_port_hw_access.o
LOAD ./SDK/platform/drivers/src/trgmux/trgmux_driver.o
LOAD ./SDK/platform/drivers/src/trgmux/trgmux_hw_access.o
LOAD ./SDK/rtos/osif/osif_baremetal.o
LOAD ./Sources/main.o
LOAD ./Sources/motor_control/switch/SW.o
LOAD ./Sources/peripheral/adc/adc.o
LOAD ./Sources/peripheral/can/can.o
LOAD ./Sources/peripheral/ftm/ftm.o
LOAD ./Sources/peripheral/iic/iic.o
LOAD ./Sources/peripheral/io/io.o
LOAD ./Sources/peripheral/lpit/lpit.o
LOAD ./Sources/peripheral/sbc/HBRI.o
LOAD ./Sources/peripheral/spi/spi.o
LOAD ./Sources/peripheral/tmr/tmr.o
LOAD ./Sources/rtt/SEGGER_RTT.o
LOAD ./Sources/rtt/SEGGER_RTT_printf.o
LOAD ./Sources/scheduler/scheduler.o
LOAD ./Sources/task/task.o
START GROUP
LOAD c:/nxp/s32ds_arm_v2.2/s32ds/build_tools/gcc_v6.3/gcc-6.3-arm32-eabi/bin/../lib/gcc/arm-none-eabi/6.3.1/thumb/v6-m\libgcc.a
LOAD C:/NXP/S32DS_ARM_v2.2/S32DS/build_tools/gcc_v6.3/gcc-6.3-arm32-eabi/arm-none-eabi/newlib/lib/thumb/v6-m\libc_nano.a
END GROUP
START GROUP
LOAD c:/nxp/s32ds_arm_v2.2/s32ds/build_tools/gcc_v6.3/gcc-6.3-arm32-eabi/bin/../lib/gcc/arm-none-eabi/6.3.1/thumb/v6-m\libgcc.a
LOAD C:/NXP/S32DS_ARM_v2.2/S32DS/build_tools/gcc_v6.3/gcc-6.3-arm32-eabi/arm-none-eabi/newlib/lib/thumb/v6-m\libc_nano.a
LOAD C:/NXP/S32DS_ARM_v2.2/S32DS/build_tools/gcc_v6.3/gcc-6.3-arm32-eabi/arm-none-eabi/newlib/lib/thumb/v6-m\libnosys.a
END GROUP
START GROUP
LOAD c:/nxp/s32ds_arm_v2.2/s32ds/build_tools/gcc_v6.3/gcc-6.3-arm32-eabi/bin/../lib/gcc/arm-none-eabi/6.3.1/thumb/v6-m\libgcc.a
LOAD C:/NXP/S32DS_ARM_v2.2/S32DS/build_tools/gcc_v6.3/gcc-6.3-arm32-eabi/arm-none-eabi/newlib/lib/thumb/v6-m\libc_nano.a
LOAD C:/NXP/S32DS_ARM_v2.2/S32DS/build_tools/gcc_v6.3/gcc-6.3-arm32-eabi/arm-none-eabi/newlib/lib/thumb/v6-m\libnosys.a
END GROUP
LOAD c:/nxp/s32ds_arm_v2.2/s32ds/build_tools/gcc_v6.3/gcc-6.3-arm32-eabi/bin/../lib/gcc/arm-none-eabi/6.3.1/thumb/v6-m/crtend.o
LOAD c:/nxp/s32ds_arm_v2.2/s32ds/build_tools/gcc_v6.3/gcc-6.3-arm32-eabi/bin/../lib/gcc/arm-none-eabi/6.3.1/thumb/v6-m/crtn.o
                0x00000200                HEAP_SIZE = DEFINED (__heap_size__)?__heap_size__:0x200
                0x00000200                STACK_SIZE = DEFINED (__stack_size__)?__stack_size__:0x200
                0x000000c0                M_VECTOR_RAM_SIZE = DEFINED (__flash_vector_table__)?0x0:0xc0

.interrupts     0x00000000       0xc0
                0x00000000                __VECTOR_TABLE = .
                0x00000000                __interrupts_start__ = .
                0x00000000                . = ALIGN (0x4)
 *(.isr_vector)
 .isr_vector    0x00000000       0xc0 ./Project_Settings/Startup_Code/startup_S32K118.o
                0x00000000                __isr_vector
                0x000000c0                __interrupts_end__ = .
                0x000000c0                . = ALIGN (0x4)

.flash_config   0x00000400       0x10
                0x00000400                . = ALIGN (0x4)
 *(.FlashConfig)
 .FlashConfig   0x00000400       0x10 ./Project_Settings/Startup_Code/startup_S32K118.o
                0x00000410                . = ALIGN (0x4)

.text           0x00000410     0x5898
                0x00000410                . = ALIGN (0x4)
 *(.text)
 .text          0x00000410       0x60 ./Project_Settings/Startup_Code/startup_S32K118.o
                0x00000410                Reset_Handler
                0x0000046c                ERM_fault_IRQHandler
                0x0000046c                PendSV_Handler
                0x0000046c                NMI_Handler
                0x0000046c                LPIT0_IRQHandler
                0x0000046c                ADC0_IRQHandler
                0x0000046c                FTM0_Ovf_Reload_IRQHandler
                0x0000046c                DefaultISR
                0x0000046c                SCG_CMU_LVD_LVWSCG_IRQHandler
                0x0000046c                RTC_IRQHandler
                0x0000046c                PDB0_IRQHandler
                0x0000046c                HardFault_Handler
                0x0000046c                LPUART1_RxTx_IRQHandler
                0x0000046c                RTC_Seconds_IRQHandler
                0x0000046c                FTFC_IRQHandler
                0x0000046c                FTM0_Fault_IRQHandler
                0x0000046c                SVC_Handler
                0x0000046c                RCM_IRQHandler
                0x0000046c                FTM1_Fault_IRQHandler
                0x0000046c                LPUART0_RxTx_IRQHandler
                0x0000046c                WDOG_IRQHandler
                0x0000046c                LPTMR0_IRQHandler
                0x0000046c                FTM1_Ovf_Reload_IRQHandler
                0x0000046c                CMP0_IRQHandler
                0x0000046c                PORT_IRQHandler
                0x0000046c                FLEXIO_IRQHandler
 .text          0x00000470      0x114 c:/nxp/s32ds_arm_v2.2/s32ds/build_tools/gcc_v6.3/gcc-6.3-arm32-eabi/bin/../lib/gcc/arm-none-eabi/6.3.1/thumb/v6-m\libgcc.a(_udivsi3.o)
                0x00000470                __aeabi_uidiv
                0x00000470                __udivsi3
                0x0000057c                __aeabi_uidivmod
 .text          0x00000584      0x1d4 c:/nxp/s32ds_arm_v2.2/s32ds/build_tools/gcc_v6.3/gcc-6.3-arm32-eabi/bin/../lib/gcc/arm-none-eabi/6.3.1/thumb/v6-m\libgcc.a(_divsi3.o)
                0x00000584                __divsi3
                0x00000584                __aeabi_idiv
                0x00000750                __aeabi_idivmod
 .text          0x00000758        0x4 c:/nxp/s32ds_arm_v2.2/s32ds/build_tools/gcc_v6.3/gcc-6.3-arm32-eabi/bin/../lib/gcc/arm-none-eabi/6.3.1/thumb/v6-m\libgcc.a(_dvmd_tls.o)
                0x00000758                __aeabi_idiv0
                0x00000758                __aeabi_ldiv0
 .text          0x0000075c       0x40 c:/nxp/s32ds_arm_v2.2/s32ds/build_tools/gcc_v6.3/gcc-6.3-arm32-eabi/bin/../lib/gcc/arm-none-eabi/6.3.1/thumb/v6-m\libgcc.a(_aeabi_uldivmod.o)
                0x0000075c                __aeabi_uldivmod
 .text          0x0000079c       0x54 c:/nxp/s32ds_arm_v2.2/s32ds/build_tools/gcc_v6.3/gcc-6.3-arm32-eabi/bin/../lib/gcc/arm-none-eabi/6.3.1/thumb/v6-m\libgcc.a(_muldi3.o)
                0x0000079c                __muldi3
                0x0000079c                __aeabi_lmul
 .text          0x000007f0      0x180 c:/nxp/s32ds_arm_v2.2/s32ds/build_tools/gcc_v6.3/gcc-6.3-arm32-eabi/bin/../lib/gcc/arm-none-eabi/6.3.1/thumb/v6-m\libgcc.a(_udivmoddi4.o)
                0x000007f0                __udivmoddi4
 .text          0x00000970       0x18 c:/nxp/s32ds_arm_v2.2/s32ds/build_tools/gcc_v6.3/gcc-6.3-arm32-eabi/bin/../lib/gcc/arm-none-eabi/6.3.1/thumb/v6-m\libgcc.a(_clzdi2.o)
                0x00000970                __clzdi2
 .text          0x00000988       0x3c c:/nxp/s32ds_arm_v2.2/s32ds/build_tools/gcc_v6.3/gcc-6.3-arm32-eabi/bin/../lib/gcc/arm-none-eabi/6.3.1/thumb/v6-m\libgcc.a(_clzsi2.o)
                0x00000988                __clzsi2
 *(.text*)
 .text.SystemInit
                0x000009c4       0x24 ./SDK/platform/devices/S32K118/startup/system_S32K118.o
                0x000009c4                SystemInit
 .text.init_data_bss
                0x000009e8       0xdc ./SDK/platform/devices/startup.o
                0x000009e8                init_data_bss
 .text.ADC_DRV_ConfigConverter
                0x00000ac4      0x1a4 ./SDK/platform/drivers/src/adc/adc_driver.o
                0x00000ac4                ADC_DRV_ConfigConverter
 .text.ADC_DRV_ConfigChan
                0x00000c68       0xac ./SDK/platform/drivers/src/adc/adc_driver.o
                0x00000c68                ADC_DRV_ConfigChan
 .text.ADC_DRV_AutoCalibration
                0x00000d14      0x168 ./SDK/platform/drivers/src/adc/adc_driver.o
                0x00000d14                ADC_DRV_AutoCalibration
 .text.CLOCK_SYS_GetCurrentRunMode
                0x00000e7c       0x28 ./SDK/platform/drivers/src/clock/S32K1xx/clock_S32K1xx.o
 .text.CLOCK_SYS_GetSysOscFreq
                0x00000ea4       0x1c ./SDK/platform/drivers/src/clock/S32K1xx/clock_S32K1xx.o
 .text.CLOCK_SYS_ConfigureSOSC
                0x00000ec0      0x128 ./SDK/platform/drivers/src/clock/S32K1xx/clock_S32K1xx.o
 .text.CLOCK_SYS_GetSircFreq
                0x00000fe8       0x28 ./SDK/platform/drivers/src/clock/S32K1xx/clock_S32K1xx.o
 .text.CLOCK_SYS_ConfigureSIRC
                0x00001010       0xc4 ./SDK/platform/drivers/src/clock/S32K1xx/clock_S32K1xx.o
 .text.CLOCK_SYS_GetFircFreq
                0x000010d4       0x24 ./SDK/platform/drivers/src/clock/S32K1xx/clock_S32K1xx.o
 .text.CLOCK_SYS_ConfigureFIRC
                0x000010f8       0xb4 ./SDK/platform/drivers/src/clock/S32K1xx/clock_S32K1xx.o
 .text.CLOCK_SYS_SetSystemClockConfig
                0x000011ac      0x140 ./SDK/platform/drivers/src/clock/S32K1xx/clock_S32K1xx.o
 .text.CLOCK_SYS_TransitionSystemClock
                0x000012ec       0x54 ./SDK/platform/drivers/src/clock/S32K1xx/clock_S32K1xx.o
 .text.CLOCK_SYS_GetSystemClockFreq
                0x00001340       0x80 ./SDK/platform/drivers/src/clock/S32K1xx/clock_S32K1xx.o
 .text.CLOCK_SYS_GetScgClkOutFreq
                0x000013c0       0x3c ./SDK/platform/drivers/src/clock/S32K1xx/clock_S32K1xx.o
 .text.CLOCK_SYS_GetSysAsyncFreq
                0x000013fc       0xac ./SDK/platform/drivers/src/clock/S32K1xx/clock_S32K1xx.o
 .text.CLOCK_SYS_GetSimRtcClkFreq
                0x000014a8       0x50 ./SDK/platform/drivers/src/clock/S32K1xx/clock_S32K1xx.o
 .text.CLOCK_SYS_GetPeripheralClock
                0x000014f8       0x68 ./SDK/platform/drivers/src/clock/S32K1xx/clock_S32K1xx.o
 .text.CLOCK_SYS_GetLpoFreq
                0x00001560       0x54 ./SDK/platform/drivers/src/clock/S32K1xx/clock_S32K1xx.o
 .text.CLOCK_SYS_GetSimClkOutFreq
                0x000015b4       0x80 ./SDK/platform/drivers/src/clock/S32K1xx/clock_S32K1xx.o
 .text.CLOCK_DRV_Init
                0x00001634      0x530 ./SDK/platform/drivers/src/clock/S32K1xx/clock_S32K1xx.o
                0x00001634                CLOCK_DRV_Init
 .text.CLOCK_DRV_GetFreq
                0x00001b64      0x2f8 ./SDK/platform/drivers/src/clock/S32K1xx/clock_S32K1xx.o
                0x00001b64                CLOCK_DRV_GetFreq
 .text.CLOCK_SYS_Init
                0x00001e5c       0x28 ./SDK/platform/drivers/src/clock/S32K1xx/clock_S32K1xx.o
                0x00001e5c                CLOCK_SYS_Init
 .text.CLOCK_SYS_UpdateConfiguration
                0x00001e84      0x100 ./SDK/platform/drivers/src/clock/S32K1xx/clock_S32K1xx.o
                0x00001e84                CLOCK_SYS_UpdateConfiguration
 .text.CLOCK_SYS_GetFreq
                0x00001f84        0x8 ./SDK/platform/drivers/src/clock/S32K1xx/clock_S32K1xx.o
                0x00001f84                CLOCK_SYS_GetFreq
 .text.EDMA_DRV_ClearIntStatus
                0x00001f8c       0x24 ./SDK/platform/drivers/src/edma/edma_driver.o
 .text.EDMA_DRV_ClearStructure
                0x00001fb0       0x12 ./SDK/platform/drivers/src/edma/edma_driver.o
 *fill*         0x00001fc2        0x2 
 .text.EDMA_DRV_InstallCallback
                0x00001fc4       0x38 ./SDK/platform/drivers/src/edma/edma_driver.o
                0x00001fc4                EDMA_DRV_InstallCallback
 .text.EDMA_DRV_IRQHandler
                0x00001ffc       0x28 ./SDK/platform/drivers/src/edma/edma_driver.o
                0x00001ffc                EDMA_DRV_IRQHandler
 .text.EDMA_DRV_ErrorIRQHandler
                0x00002024       0x44 ./SDK/platform/drivers/src/edma/edma_driver.o
                0x00002024                EDMA_DRV_ErrorIRQHandler
 .text.EDMA_DRV_ConfigSingleBlockTransfer
                0x00002068      0x1fc ./SDK/platform/drivers/src/edma/edma_driver.o
                0x00002068                EDMA_DRV_ConfigSingleBlockTransfer
 .text.EDMA_DRV_ConfigMultiBlockTransfer
                0x00002264       0x78 ./SDK/platform/drivers/src/edma/edma_driver.o
                0x00002264                EDMA_DRV_ConfigMultiBlockTransfer
 .text.EDMA_DRV_StartChannel
                0x000022dc       0x44 ./SDK/platform/drivers/src/edma/edma_driver.o
                0x000022dc                EDMA_DRV_StartChannel
 .text.EDMA_DRV_StopChannel
                0x00002320       0x44 ./SDK/platform/drivers/src/edma/edma_driver.o
                0x00002320                EDMA_DRV_StopChannel
 .text.EDMA_DRV_SetChannelRequestAndTrigger
                0x00002364       0x88 ./SDK/platform/drivers/src/edma/edma_driver.o
                0x00002364                EDMA_DRV_SetChannelRequestAndTrigger
 .text.EDMA_DRV_ChannelInit
                0x000023ec       0xd4 ./SDK/platform/drivers/src/edma/edma_driver.o
                0x000023ec                EDMA_DRV_ChannelInit
 .text.EDMA_DRV_Init
                0x000024c0       0xf8 ./SDK/platform/drivers/src/edma/edma_driver.o
                0x000024c0                EDMA_DRV_Init
 .text.EDMA_DRV_SetSrcLastAddrAdjustment
                0x000025b8       0x44 ./SDK/platform/drivers/src/edma/edma_driver.o
                0x000025b8                EDMA_DRV_SetSrcLastAddrAdjustment
 .text.EDMA_DRV_PushConfigToReg
                0x000025fc      0x27c ./SDK/platform/drivers/src/edma/edma_driver.o
                0x000025fc                EDMA_DRV_PushConfigToReg
 .text.EDMA_DRV_ConfigLoopTransfer
                0x00002878       0xa8 ./SDK/platform/drivers/src/edma/edma_driver.o
                0x00002878                EDMA_DRV_ConfigLoopTransfer
 .text.EDMA_DRV_GetDmaRegBaseAddr
                0x00002920       0x10 ./SDK/platform/drivers/src/edma/edma_driver.o
                0x00002920                EDMA_DRV_GetDmaRegBaseAddr
 .text.EDMA_SetErrorIntCmd
                0x00002930        0xc ./SDK/platform/drivers/src/edma/edma_hw_access.o
                0x00002930                EDMA_SetErrorIntCmd
 .text.EDMA_SetDmaRequestCmd
                0x0000293c        0xc ./SDK/platform/drivers/src/edma/edma_hw_access.o
                0x0000293c                EDMA_SetDmaRequestCmd
 .text.EDMA_TCDClearReg
                0x00002948       0x70 ./SDK/platform/drivers/src/edma/edma_hw_access.o
                0x00002948                EDMA_TCDClearReg
 .text.EDMA_Init
                0x000029b8       0x24 ./SDK/platform/drivers/src/edma/edma_hw_access.o
                0x000029b8                EDMA_Init
 .text.EDMA_TCDSetAttribute
                0x000029dc       0x44 ./SDK/platform/drivers/src/edma/edma_hw_access.o
                0x000029dc                EDMA_TCDSetAttribute
 .text.EDMA_TCDSetNbytes
                0x00002a20       0x74 ./SDK/platform/drivers/src/edma/edma_hw_access.o
                0x00002a20                EDMA_TCDSetNbytes
 .text.EDMA_TCDSetMinorLoopOffset
                0x00002a94       0x5c ./SDK/platform/drivers/src/edma/edma_hw_access.o
                0x00002a94                EDMA_TCDSetMinorLoopOffset
 .text.EDMA_TCDSetScatterGatherLink
                0x00002af0       0x28 ./SDK/platform/drivers/src/edma/edma_hw_access.o
                0x00002af0                EDMA_TCDSetScatterGatherLink
 .text.EDMA_TCDSetChannelMinorLink
                0x00002b18       0xa4 ./SDK/platform/drivers/src/edma/edma_hw_access.o
                0x00002b18                EDMA_TCDSetChannelMinorLink
 .text.EDMA_TCDSetMajorCount
                0x00002bbc       0x7c ./SDK/platform/drivers/src/edma/edma_hw_access.o
                0x00002bbc                EDMA_TCDSetMajorCount
 .text.DMAMUX_Init
                0x00002c38        0xc ./SDK/platform/drivers/src/edma/edma_hw_access.o
                0x00002c38                DMAMUX_Init
 .text.DMA0_IRQHandler
                0x00002c44        0xa ./SDK/platform/drivers/src/edma/edma_irq.o
                0x00002c44                DMA0_IRQHandler
 .text.DMA1_IRQHandler
                0x00002c4e        0xa ./SDK/platform/drivers/src/edma/edma_irq.o
                0x00002c4e                DMA1_IRQHandler
 .text.DMA2_IRQHandler
                0x00002c58        0xa ./SDK/platform/drivers/src/edma/edma_irq.o
                0x00002c58                DMA2_IRQHandler
 .text.DMA3_IRQHandler
                0x00002c62        0xa ./SDK/platform/drivers/src/edma/edma_irq.o
                0x00002c62                DMA3_IRQHandler
 .text.DMA_Error_IRQHandler
                0x00002c6c       0x28 ./SDK/platform/drivers/src/edma/edma_irq.o
                0x00002c6c                DMA_Error_IRQHandler
 .text.FLEXCAN_CompleteRxMessageFifoData
                0x00002c94       0xc0 ./SDK/platform/drivers/src/flexcan/flexcan_driver.o
 .text.FLEXCAN_CompleteTransfer
                0x00002d54       0x3c ./SDK/platform/drivers/src/flexcan/flexcan_driver.o
 .text.FLEXCAN_Error_IRQHandler
                0x00002d90       0x30 ./SDK/platform/drivers/src/flexcan/flexcan_driver.o
                0x00002d90                FLEXCAN_Error_IRQHandler
 .text.FLEXCAN_WakeUpHandler
                0x00002dc0       0x80 ./SDK/platform/drivers/src/flexcan/flexcan_driver.o
                0x00002dc0                FLEXCAN_WakeUpHandler
 .text.FLEXCAN_IRQHandler
                0x00002e40      0x1c4 ./SDK/platform/drivers/src/flexcan/flexcan_driver.o
                0x00002e40                FLEXCAN_IRQHandler
 .text.FLEXCAN_ComputePayloadSize
                0x00003004       0x3c ./SDK/platform/drivers/src/flexcan/flexcan_hw_access.o
 .text.FLEXCAN_SetMsgBuffIntCmd
                0x00003040       0x3a ./SDK/platform/drivers/src/flexcan/flexcan_hw_access.o
                0x00003040                FLEXCAN_SetMsgBuffIntCmd
 *fill*         0x0000307a        0x2 
 .text.FLEXCAN_ClearErrIntStatusFlag
                0x0000307c       0x10 ./SDK/platform/drivers/src/flexcan/flexcan_hw_access.o
                0x0000307c                FLEXCAN_ClearErrIntStatusFlag
 .text.FLEXCAN_ReadRxFifo
                0x0000308c       0xa0 ./SDK/platform/drivers/src/flexcan/flexcan_hw_access.o
                0x0000308c                FLEXCAN_ReadRxFifo
 .text.FLEXCAN_GetPayloadSize
                0x0000312c       0x1c ./SDK/platform/drivers/src/flexcan/flexcan_hw_access.o
                0x0000312c                FLEXCAN_GetPayloadSize
 .text.FLEXCAN_GetMsgBuffRegion
                0x00003148       0x3c ./SDK/platform/drivers/src/flexcan/flexcan_hw_access.o
                0x00003148                FLEXCAN_GetMsgBuffRegion
 .text.FLEXCAN_GetMsgBuff
                0x00003184      0x108 ./SDK/platform/drivers/src/flexcan/flexcan_hw_access.o
                0x00003184                FLEXCAN_GetMsgBuff
 .text.FLEXCAN_LockRxMsgBuff
                0x0000328c        0xa ./SDK/platform/drivers/src/flexcan/flexcan_hw_access.o
                0x0000328c                FLEXCAN_LockRxMsgBuff
 .text.CAN0_ORed_Err_Wakeup_IRQHandler
                0x00003296        0xa ./SDK/platform/drivers/src/flexcan/flexcan_irq.o
                0x00003296                CAN0_ORed_Err_Wakeup_IRQHandler
 .text.CAN0_ORed_0_31_MB_IRQHandler
                0x000032a0        0xa ./SDK/platform/drivers/src/flexcan/flexcan_irq.o
                0x000032a0                CAN0_ORed_0_31_MB_IRQHandler
 *fill*         0x000032aa        0x2 
 .text.FTM_DRV_GetEnabledInterrupts
                0x000032ac       0x8c ./SDK/platform/drivers/src/ftm/ftm_common.o
                0x000032ac                FTM_DRV_GetEnabledInterrupts
 .text.FTM_DRV_GetStatusFlags
                0x00003338       0x70 ./SDK/platform/drivers/src/ftm/ftm_common.o
                0x00003338                FTM_DRV_GetStatusFlags
 .text.FTM_DRV_IrqHandler
                0x000033a8      0x164 ./SDK/platform/drivers/src/ftm/ftm_ic_driver.o
 .text.FTM0_Ch0_7_IRQHandler
                0x0000350c       0x40 ./SDK/platform/drivers/src/ftm/ftm_ic_driver.o
                0x0000350c                FTM0_Ch0_7_IRQHandler
 .text.FTM1_Ch0_7_IRQHandler
                0x0000354c       0x40 ./SDK/platform/drivers/src/ftm/ftm_ic_driver.o
                0x0000354c                FTM1_Ch0_7_IRQHandler
 .text.INT_SYS_InstallHandler
                0x0000358c       0x78 ./SDK/platform/drivers/src/interrupt/interrupt_manager.o
                0x0000358c                INT_SYS_InstallHandler
 .text.INT_SYS_EnableIRQ
                0x00003604       0x34 ./SDK/platform/drivers/src/interrupt/interrupt_manager.o
                0x00003604                INT_SYS_EnableIRQ
 .text.INT_SYS_DisableIRQ
                0x00003638       0x34 ./SDK/platform/drivers/src/interrupt/interrupt_manager.o
                0x00003638                INT_SYS_DisableIRQ
 .text.INT_SYS_EnableIRQGlobal
                0x0000366c       0x1c ./SDK/platform/drivers/src/interrupt/interrupt_manager.o
                0x0000366c                INT_SYS_EnableIRQGlobal
 .text.INT_SYS_DisableIRQGlobal
                0x00003688       0x10 ./SDK/platform/drivers/src/interrupt/interrupt_manager.o
                0x00003688                INT_SYS_DisableIRQGlobal
 .text.LPI2C_DRV_MasterQueueData
                0x00003698       0x62 ./SDK/platform/drivers/src/lpi2c/lpi2c_driver.o
 *fill*         0x000036fa        0x2 
 .text.LPI2C_DRV_SlaveEndTransfer
                0x000036fc       0x64 ./SDK/platform/drivers/src/lpi2c/lpi2c_driver.o
 .text.LPI2C_DRV_MasterEndTransfer
                0x00003760       0x94 ./SDK/platform/drivers/src/lpi2c/lpi2c_driver.o
 .text.LPI2C_DRV_SlaveEndTransferHandler
                0x000037f4       0x44 ./SDK/platform/drivers/src/lpi2c/lpi2c_driver.o
 .text.LPI2C_DRV_ConfigureDmaTransfer
                0x00003838       0x64 ./SDK/platform/drivers/src/lpi2c/lpi2c_driver.o
 .text.LPI2C_DRV_SlaveStartDmaTransfer
                0x0000389c       0x98 ./SDK/platform/drivers/src/lpi2c/lpi2c_driver.o
 .text.LPI2C_DRV_MasterSetBaudRate
                0x00003934      0x188 ./SDK/platform/drivers/src/lpi2c/lpi2c_driver.o
                0x00003934                LPI2C_DRV_MasterSetBaudRate
 .text.LPI2C_DRV_MasterSetSlaveAddr
                0x00003abc       0x24 ./SDK/platform/drivers/src/lpi2c/lpi2c_driver.o
                0x00003abc                LPI2C_DRV_MasterSetSlaveAddr
 .text.LPI2C_DRV_MasterReinit
                0x00003ae0       0x5c ./SDK/platform/drivers/src/lpi2c/lpi2c_driver.o
 .text.LPI2C_DRV_MasterIRQHandler
                0x00003b3c      0x298 ./SDK/platform/drivers/src/lpi2c/lpi2c_driver.o
                0x00003b3c                LPI2C_DRV_MasterIRQHandler
 .text.LPI2C_DRV_SlaveIRQHandler
                0x00003dd4      0x1fc ./SDK/platform/drivers/src/lpi2c/lpi2c_driver.o
                0x00003dd4                LPI2C_DRV_SlaveIRQHandler
 .text.LPI2C_DRV_ModuleIRQHandler
                0x00003fd0       0x24 ./SDK/platform/drivers/src/lpi2c/lpi2c_driver.o
                0x00003fd0                LPI2C_DRV_ModuleIRQHandler
 .text.LPI2C_Init
                0x00003ff4       0x1e ./SDK/platform/drivers/src/lpi2c/lpi2c_hw_access.o
                0x00003ff4                LPI2C_Init
 .text.LPI2C0_Master_Slave_IRQHandler
                0x00004012        0xa ./SDK/platform/drivers/src/lpi2c/lpi2c_irq.o
                0x00004012                LPI2C0_Master_Slave_IRQHandler
 .text.LPIT_DRV_Init
                0x0000401c       0xd4 ./SDK/platform/drivers/src/lpit/lpit_driver.o
                0x0000401c                LPIT_DRV_Init
 .text.LPIT_DRV_StartTimerChannels
                0x000040f0       0x28 ./SDK/platform/drivers/src/lpit/lpit_driver.o
                0x000040f0                LPIT_DRV_StartTimerChannels
 .text.LPIT_DRV_SetTimerPeriodByUs
                0x00004118       0xec ./SDK/platform/drivers/src/lpit/lpit_driver.o
                0x00004118                LPIT_DRV_SetTimerPeriodByUs
 .text.LPIT_DRV_SetTimerPeriodByCount
                0x00004204       0x28 ./SDK/platform/drivers/src/lpit/lpit_driver.o
                0x00004204                LPIT_DRV_SetTimerPeriodByCount
 .text.LPIT_DRV_InitChannel
                0x0000422c      0x184 ./SDK/platform/drivers/src/lpit/lpit_driver.o
                0x0000422c                LPIT_DRV_InitChannel
 .text.LPIT_DRV_GetInterruptFlagTimerChannels
                0x000043b0       0x28 ./SDK/platform/drivers/src/lpit/lpit_driver.o
                0x000043b0                LPIT_DRV_GetInterruptFlagTimerChannels
 .text.LPIT_DRV_ClearInterruptFlagTimerChannels
                0x000043d8       0x24 ./SDK/platform/drivers/src/lpit/lpit_driver.o
                0x000043d8                LPIT_DRV_ClearInterruptFlagTimerChannels
 .text.LPSPI_Init
                0x000043fc        0xa ./SDK/platform/drivers/src/lpspi/lpspi_hw_access.o
                0x000043fc                LPSPI_Init
 .text.LPSPI_Disable
                0x00004406       0x18 ./SDK/platform/drivers/src/lpspi/lpspi_hw_access.o
                0x00004406                LPSPI_Disable
 .text.LPSPI_SetMasterSlaveMode
                0x0000441e        0xe ./SDK/platform/drivers/src/lpspi/lpspi_hw_access.o
                0x0000441e                LPSPI_SetMasterSlaveMode
 .text.LPSPI_SetFlushFifoCmd
                0x0000442c        0xe ./SDK/platform/drivers/src/lpspi/lpspi_hw_access.o
                0x0000442c                LPSPI_SetFlushFifoCmd
 .text.LPSPI_ClearStatusFlag
                0x0000443a       0x1e ./SDK/platform/drivers/src/lpspi/lpspi_hw_access.o
                0x0000443a                LPSPI_ClearStatusFlag
 .text.LPSPI_SetPcsPolarityMode
                0x00004458       0x16 ./SDK/platform/drivers/src/lpspi/lpspi_hw_access.o
                0x00004458                LPSPI_SetPcsPolarityMode
 *fill*         0x0000446e        0x2 
 .text.LPSPI_SetPinConfigMode
                0x00004470       0x24 ./SDK/platform/drivers/src/lpspi/lpspi_hw_access.o
                0x00004470                LPSPI_SetPinConfigMode
 .text.LPSPI_SetBaudRateDivisor
                0x00004494       0x10 ./SDK/platform/drivers/src/lpspi/lpspi_hw_access.o
                0x00004494                LPSPI_SetBaudRateDivisor
 .text.LPSPI_SetBaudRate
                0x000044a4      0x140 ./SDK/platform/drivers/src/lpspi/lpspi_hw_access.o
                0x000044a4                LPSPI_SetBaudRate
 .text.LPSPI_SetTxCommandReg
                0x000045e4       0x4a ./SDK/platform/drivers/src/lpspi/lpspi_hw_access.o
                0x000045e4                LPSPI_SetTxCommandReg
 .text.LPSPI0_IRQHandler
                0x0000462e        0xa ./SDK/platform/drivers/src/lpspi/lpspi_irq.o
                0x0000462e                LPSPI0_IRQHandler
 .text.LPSPI1_IRQHandler
                0x00004638        0xa ./SDK/platform/drivers/src/lpspi/lpspi_irq.o
                0x00004638                LPSPI1_IRQHandler
 *fill*         0x00004642        0x2 
 .text.LPSPI_DRV_MasterCompleteTransfer
                0x00004644       0x80 ./SDK/platform/drivers/src/lpspi/lpspi_master_driver.o
 .text.LPSPI_DRV_MasterSetDelay
                0x000046c4      0x110 ./SDK/platform/drivers/src/lpspi/lpspi_master_driver.o
                0x000046c4                LPSPI_DRV_MasterSetDelay
 .text.LPSPI_DRV_MasterConfigureBus
                0x000047d4      0x128 ./SDK/platform/drivers/src/lpspi/lpspi_master_driver.o
                0x000047d4                LPSPI_DRV_MasterConfigureBus
 .text.LPSPI_DRV_MasterInit
                0x000048fc       0xa8 ./SDK/platform/drivers/src/lpspi/lpspi_master_driver.o
                0x000048fc                LPSPI_DRV_MasterInit
 .text.LPSPI_DRV_MasterAbortTransfer
                0x000049a4       0x4c ./SDK/platform/drivers/src/lpspi/lpspi_master_driver.o
                0x000049a4                LPSPI_DRV_MasterAbortTransfer
 .text.LPSPI_DRV_MasterIRQHandler
                0x000049f0       0xb4 ./SDK/platform/drivers/src/lpspi/lpspi_master_driver.o
                0x000049f0                LPSPI_DRV_MasterIRQHandler
 .text.LPSPI_DRV_IRQHandler
                0x00004aa4       0x24 ./SDK/platform/drivers/src/lpspi/lpspi_shared_function.o
                0x00004aa4                LPSPI_DRV_IRQHandler
 .text.LPSPI_DRV_FillupTxBuffer
                0x00004ac8       0xb8 ./SDK/platform/drivers/src/lpspi/lpspi_shared_function.o
                0x00004ac8                LPSPI_DRV_FillupTxBuffer
 .text.LPSPI_DRV_ReadRXBuffer
                0x00004b80       0x7c ./SDK/platform/drivers/src/lpspi/lpspi_shared_function.o
                0x00004b80                LPSPI_DRV_ReadRXBuffer
 .text.LPSPI_DRV_DisableTEIEInterrupts
                0x00004bfc       0x38 ./SDK/platform/drivers/src/lpspi/lpspi_shared_function.o
                0x00004bfc                LPSPI_DRV_DisableTEIEInterrupts
 .text.LPSPI_DRV_SlaveAbortTransfer
                0x00004c34       0x8c ./SDK/platform/drivers/src/lpspi/lpspi_slave_driver.o
                0x00004c34                LPSPI_DRV_SlaveAbortTransfer
 .text.LPSPI_DRV_SlaveIRQHandler
                0x00004cc0       0xe4 ./SDK/platform/drivers/src/lpspi/lpspi_slave_driver.o
                0x00004cc0                LPSPI_DRV_SlaveIRQHandler
 .text.PDB_DRV_Init
                0x00004da4       0x54 ./SDK/platform/drivers/src/pdb/pdb_driver.o
                0x00004da4                PDB_DRV_Init
 .text.PDB_DRV_Enable
                0x00004df8       0x18 ./SDK/platform/drivers/src/pdb/pdb_driver.o
                0x00004df8                PDB_DRV_Enable
 .text.PDB_DRV_LoadValuesCmd
                0x00004e10       0x18 ./SDK/platform/drivers/src/pdb/pdb_driver.o
                0x00004e10                PDB_DRV_LoadValuesCmd
 .text.PDB_DRV_SetTimerModulusValue
                0x00004e28       0x1c ./SDK/platform/drivers/src/pdb/pdb_driver.o
                0x00004e28                PDB_DRV_SetTimerModulusValue
 .text.PDB_DRV_ConfigAdcPreTrigger
                0x00004e44       0x64 ./SDK/platform/drivers/src/pdb/pdb_driver.o
                0x00004e44                PDB_DRV_ConfigAdcPreTrigger
 .text.PDB_DRV_SetAdcPreTriggerDelayValue
                0x00004ea8       0x64 ./SDK/platform/drivers/src/pdb/pdb_driver.o
                0x00004ea8                PDB_DRV_SetAdcPreTriggerDelayValue
 .text.PDB_Init
                0x00004f0c       0xbc ./SDK/platform/drivers/src/pdb/pdb_hw_access.o
                0x00004f0c                PDB_Init
 .text.PDB_ConfigTimer
                0x00004fc8       0x7c ./SDK/platform/drivers/src/pdb/pdb_hw_access.o
                0x00004fc8                PDB_ConfigTimer
 .text.PDB_SetAdcPreTriggerBackToBackEnable
                0x00005044       0x4c ./SDK/platform/drivers/src/pdb/pdb_hw_access.o
                0x00005044                PDB_SetAdcPreTriggerBackToBackEnable
 .text.PDB_SetAdcPreTriggerOutputEnable
                0x00005090       0x44 ./SDK/platform/drivers/src/pdb/pdb_hw_access.o
                0x00005090                PDB_SetAdcPreTriggerOutputEnable
 .text.PDB_SetAdcPreTriggerEnable
                0x000050d4       0x44 ./SDK/platform/drivers/src/pdb/pdb_hw_access.o
                0x000050d4                PDB_SetAdcPreTriggerEnable
 .text.PINS_DRV_Init
                0x00005118       0x1c ./SDK/platform/drivers/src/pins/pins_driver.o
                0x00005118                PINS_DRV_Init
 .text.PINS_DRV_SetPinsDirection
                0x00005134        0x4 ./SDK/platform/drivers/src/pins/pins_driver.o
                0x00005134                PINS_DRV_SetPinsDirection
 .text.PINS_DRV_SetPins
                0x00005138        0x4 ./SDK/platform/drivers/src/pins/pins_driver.o
                0x00005138                PINS_DRV_SetPins
 .text.PINS_DRV_ClearPins
                0x0000513c        0x4 ./SDK/platform/drivers/src/pins/pins_driver.o
                0x0000513c                PINS_DRV_ClearPins
 .text.PINS_DRV_TogglePins
                0x00005140        0x4 ./SDK/platform/drivers/src/pins/pins_driver.o
                0x00005140                PINS_DRV_TogglePins
 .text.PINS_Init
                0x00005144      0x12c ./SDK/platform/drivers/src/pins/pins_port_hw_access.o
                0x00005144                PINS_Init
 .text.TRGMUX_DRV_Init
                0x00005270       0x7c ./SDK/platform/drivers/src/trgmux/trgmux_driver.o
                0x00005270                TRGMUX_DRV_Init
 .text.TRGMUX_SetTrigSourceForTargetModule
                0x000052ec       0x28 ./SDK/platform/drivers/src/trgmux/trgmux_hw_access.o
                0x000052ec                TRGMUX_SetTrigSourceForTargetModule
 .text.TRGMUX_SetLockForTargetModule
                0x00005314       0x1a ./SDK/platform/drivers/src/trgmux/trgmux_hw_access.o
                0x00005314                TRGMUX_SetLockForTargetModule
 .text.TRGMUX_GetLockForTargetModule
                0x0000532e       0x12 ./SDK/platform/drivers/src/trgmux/trgmux_hw_access.o
                0x0000532e                TRGMUX_GetLockForTargetModule
 .text.TRGMUX_Init
                0x00005340       0x68 ./SDK/platform/drivers/src/trgmux/trgmux_hw_access.o
                0x00005340                TRGMUX_Init
 .text.SysTick_Handler
                0x000053a8       0x10 ./SDK/rtos/osif/osif_baremetal.o
                0x000053a8                SysTick_Handler
 .text.OSIF_SemaPost
                0x000053b8       0x2c ./SDK/rtos/osif/osif_baremetal.o
                0x000053b8                OSIF_SemaPost
 .text.OSIF_SemaCreate
                0x000053e4       0x1c ./SDK/rtos/osif/osif_baremetal.o
                0x000053e4                OSIF_SemaCreate
 .text.main     0x00005400       0x38 ./Sources/main.o
                0x00005400                main
 .text.DMAcallback
                0x00005438        0x2 ./Sources/peripheral/adc/adc.o
                0x00005438                DMAcallback
 *fill*         0x0000543a        0x2 
 .text.calculateIntValue
                0x0000543c       0x64 ./Sources/peripheral/adc/adc.o
                0x0000543c                calculateIntValue
 .text.triggerLoopTransfer
                0x000054a0       0x3c ./Sources/peripheral/adc/adc.o
                0x000054a0                triggerLoopTransfer
 .text.ADC_Initial
                0x000054dc      0x1bc ./Sources/peripheral/adc/adc.o
                0x000054dc                ADC_Initial
 .text.IO_Initial
                0x00005698       0xa4 ./Sources/peripheral/io/io.o
                0x00005698                IO_Initial
 .text.IO_ToggleLed
                0x0000573c       0x14 ./Sources/peripheral/io/io.o
                0x0000573c                IO_ToggleLed
 .text.LPIT_ISR
                0x00005750       0x34 ./Sources/peripheral/lpit/lpit.o
                0x00005750                LPIT_ISR
 .text.LPIT_Initial
                0x00005784       0x4c ./Sources/peripheral/lpit/lpit.o
                0x00005784                LPIT_Initial
 .text.SPI_Initial
                0x000057d0       0x24 ./Sources/peripheral/spi/spi.o
                0x000057d0                SPI_Initial
 .text.task_add
                0x000057f4       0x3c ./Sources/scheduler/scheduler.o
                0x000057f4                task_add
 .text.task_delete
                0x00005830       0x1c ./Sources/scheduler/scheduler.o
                0x00005830                task_delete
 .text.task_dispatch
                0x0000584c       0x38 ./Sources/scheduler/scheduler.o
                0x0000584c                task_dispatch
 .text.task_update
                0x00005884       0x38 ./Sources/scheduler/scheduler.o
                0x00005884                task_update
 .text.task_initial
                0x000058bc       0x1c ./Sources/scheduler/scheduler.o
                0x000058bc                task_initial
 .text.task_2ms
                0x000058d8        0x2 ./Sources/task/task.o
                0x000058d8                task_2ms
 .text.task_5ms
                0x000058da        0x2 ./Sources/task/task.o
                0x000058da                task_5ms
 .text.task_10ms
                0x000058dc        0x2 ./Sources/task/task.o
                0x000058dc                task_10ms
 .text.task_500ms
                0x000058de        0x8 ./Sources/task/task.o
                0x000058de                task_500ms
 *fill*         0x000058e6        0x2 
 .text.task_create
                0x000058e8       0x44 ./Sources/task/task.o
                0x000058e8                task_create
 *(.rodata)
 *(.rodata*)
 .rodata.adConv1_ChnConfig0
                0x0000592c        0x4 ./Generated_Code/adConv1.o
                0x0000592c                adConv1_ChnConfig0
 .rodata.adConv1_ChnConfig1
                0x00005930        0x4 ./Generated_Code/adConv1.o
                0x00005930                adConv1_ChnConfig1
 .rodata.adConv1_ChnConfig2
                0x00005934        0x4 ./Generated_Code/adConv1.o
                0x00005934                adConv1_ChnConfig2
 .rodata.adConv1_ChnConfig3
                0x00005938        0x4 ./Generated_Code/adConv1.o
                0x00005938                adConv1_ChnConfig3
 .rodata.adConv1_ChnConfig4
                0x0000593c        0x4 ./Generated_Code/adConv1.o
                0x0000593c                adConv1_ChnConfig4
 .rodata.adConv1_ChnConfig5
                0x00005940        0x4 ./Generated_Code/adConv1.o
                0x00005940                adConv1_ChnConfig5
 .rodata.adConv1_ChnConfig6
                0x00005944        0x4 ./Generated_Code/adConv1.o
                0x00005944                adConv1_ChnConfig6
 .rodata.adConv1_ChnConfig7
                0x00005948        0x4 ./Generated_Code/adConv1.o
                0x00005948                adConv1_ChnConfig7
 .rodata.adConv1_ChnConfig8
                0x0000594c        0x4 ./Generated_Code/adConv1.o
                0x0000594c                adConv1_ChnConfig8
 .rodata.adConv1_ConvConfig0
                0x00005950        0xb ./Generated_Code/adConv1.o
                0x00005950                adConv1_ConvConfig0
 *fill*         0x0000595b        0x1 
 .rodata.dmaController1_InitConfig0
                0x0000595c        0x2 ./Generated_Code/dmaController1.o
                0x0000595c                dmaController1_InitConfig0
 *fill*         0x0000595e        0x2 
 .rodata.edmaChnConfigArray
                0x00005960        0x4 ./Generated_Code/dmaController1.o
                0x00005960                edmaChnConfigArray
 .rodata.edmaChnStateArray
                0x00005964        0x4 ./Generated_Code/dmaController1.o
                0x00005964                edmaChnStateArray
 .rodata.lpit1_InitConfig
                0x00005968        0x2 ./Generated_Code/lpit1.o
                0x00005968                lpit1_InitConfig
 *fill*         0x0000596a        0x2 
 .rodata.lpspiCom1_MasterConfig0
                0x0000596c       0x20 ./Generated_Code/lpspiCom1.o
                0x0000596c                lpspiCom1_MasterConfig0
 .rodata.pdly1_AdcTrigInitConfig0
                0x0000598c        0x8 ./Generated_Code/pdly1.o
                0x0000598c                pdly1_AdcTrigInitConfig0
 .rodata.pdly1_AdcTrigInitConfig1
                0x00005994        0x8 ./Generated_Code/pdly1.o
                0x00005994                pdly1_AdcTrigInitConfig1
 .rodata.pdly1_AdcTrigInitConfig2
                0x0000599c        0x8 ./Generated_Code/pdly1.o
                0x0000599c                pdly1_AdcTrigInitConfig2
 .rodata.pdly1_AdcTrigInitConfig3
                0x000059a4        0x8 ./Generated_Code/pdly1.o
                0x000059a4                pdly1_AdcTrigInitConfig3
 .rodata.pdly1_AdcTrigInitConfig4
                0x000059ac        0x8 ./Generated_Code/pdly1.o
                0x000059ac                pdly1_AdcTrigInitConfig4
 .rodata.pdly1_AdcTrigInitConfig5
                0x000059b4        0x8 ./Generated_Code/pdly1.o
                0x000059b4                pdly1_AdcTrigInitConfig5
 .rodata.pdly1_AdcTrigInitConfig6
                0x000059bc        0x8 ./Generated_Code/pdly1.o
                0x000059bc                pdly1_AdcTrigInitConfig6
 .rodata.pdly1_AdcTrigInitConfig7
                0x000059c4        0x8 ./Generated_Code/pdly1.o
                0x000059c4                pdly1_AdcTrigInitConfig7
 .rodata.pdly1_InitConfig0
                0x000059cc        0x9 ./Generated_Code/pdly1.o
                0x000059cc                pdly1_InitConfig0
 *fill*         0x000059d5        0x3 
 .rodata.trgmux1_InOutMappingConfig0
                0x000059d8        0x3 ./Generated_Code/trgmux1.o
                0x000059d8                trgmux1_InOutMappingConfig0
 *fill*         0x000059db        0x1 
 .rodata.trgmux1_InitConfig0
                0x000059dc        0x8 ./Generated_Code/trgmux1.o
                0x000059dc                trgmux1_InitConfig0
 .rodata.CLOCK_SYS_GetSimClkOutFreq
                0x000059e4       0x3c ./SDK/platform/drivers/src/clock/S32K1xx/clock_S32K1xx.o
 .rodata.CLOCK_DRV_GetFreq
                0x00005a20       0x74 ./SDK/platform/drivers/src/clock/S32K1xx/clock_S32K1xx.o
 .rodata.clockNameMappings
                0x00005a94       0x8c ./SDK/platform/drivers/src/clock/S32K1xx/clock_S32K1xx.o
                0x00005a94                clockNameMappings
 .rodata.maxSysClksInRUN.6114
                0x00005b20       0x54 ./SDK/platform/drivers/src/clock/S32K1xx/clock_S32K1xx.o
 .rodata.maxSysClksInVLPR.6113
                0x00005b74       0x54 ./SDK/platform/drivers/src/clock/S32K1xx/clock_S32K1xx.o
 .rodata.peripheralFeaturesList
                0x00005bc8       0x46 ./SDK/platform/drivers/src/clock/S32K1xx/clock_S32K1xx.o
                0x00005bc8                peripheralFeaturesList
 *fill*         0x00005c0e        0x2 
 .rodata.FLEXCAN_ComputePayloadSize
                0x00005c10       0x1c ./SDK/platform/drivers/src/flexcan/flexcan_hw_access.o
 .rodata.g_ftmBase
                0x00005c2c        0x8 ./SDK/platform/drivers/src/ftm/ftm_common.o
                0x00005c2c                g_ftmBase
 .rodata.g_lpi2cDMASrc
                0x00005c34        0x2 ./SDK/platform/drivers/src/lpi2c/lpi2c_driver.o
 *fill*         0x00005c36        0x2 
 .rodata.s_baudratePrescaler
                0x00005c38       0x20 ./SDK/platform/drivers/src/lpspi/lpspi_hw_access.o
 .rodata.s_baudratePrescaler
                0x00005c58       0x20 ./SDK/platform/drivers/src/lpspi/lpspi_master_driver.o
 .rodata.s_trgmuxTargetModule.5049
                0x00005c78       0x26 ./SDK/platform/drivers/src/trgmux/trgmux_hw_access.o
 *(.init)
 *fill*         0x00005c9e        0x2 
 .init          0x00005ca0        0x4 c:/nxp/s32ds_arm_v2.2/s32ds/build_tools/gcc_v6.3/gcc-6.3-arm32-eabi/bin/../lib/gcc/arm-none-eabi/6.3.1/thumb/v6-m/crti.o
                0x00005ca0                _init
 *(.fini)
 .fini          0x00005ca4        0x4 c:/nxp/s32ds_arm_v2.2/s32ds/build_tools/gcc_v6.3/gcc-6.3-arm32-eabi/bin/../lib/gcc/arm-none-eabi/6.3.1/thumb/v6-m/crti.o
                0x00005ca4                _fini
 *(.eh_frame)
                0x00005ca8                . = ALIGN (0x4)

.glue_7         0x00005ca8        0x0
 .glue_7        0x00005ca8        0x0 linker stubs

.glue_7t        0x00005ca8        0x0
 .glue_7t       0x00005ca8        0x0 linker stubs

.vfp11_veneer   0x00005ca8        0x0
 .vfp11_veneer  0x00005ca8        0x0 linker stubs

.v4_bx          0x00005ca8        0x0
 .v4_bx         0x00005ca8        0x0 linker stubs

.iplt           0x00005ca8        0x0
 .iplt          0x00005ca8        0x0 c:/nxp/s32ds_arm_v2.2/s32ds/build_tools/gcc_v6.3/gcc-6.3-arm32-eabi/bin/../lib/gcc/arm-none-eabi/6.3.1/thumb/v6-m/crtbegin.o

.ARM            0x00005ca8        0x8
                0x00005ca8                __exidx_start = .
 *(.ARM.exidx*)
 .ARM.exidx     0x00005ca8        0x8 c:/nxp/s32ds_arm_v2.2/s32ds/build_tools/gcc_v6.3/gcc-6.3-arm32-eabi/bin/../lib/gcc/arm-none-eabi/6.3.1/thumb/v6-m\libgcc.a(_udivmoddi4.o)
                0x00005cb0                __exidx_end = .
                0x00005cb0                __etext = .
                0x00005cb0                __DATA_ROM = .

.rel.dyn        0x00005cb0        0x0
 .rel.iplt      0x00005cb0        0x0 c:/nxp/s32ds_arm_v2.2/s32ds/build_tools/gcc_v6.3/gcc-6.3-arm32-eabi/bin/../lib/gcc/arm-none-eabi/6.3.1/thumb/v6-m/crtbegin.o

.interrupts_ram
                0x20000000       0xc0
                0x20000000                . = ALIGN (0x4)
                0x20000000                __VECTOR_RAM__ = .
                0x20000000                __RAM_START = .
                0x20000000                __interrupts_ram_start__ = .
 *(.m_interrupts_ram)
                0x200000c0                . = (. + M_VECTOR_RAM_SIZE)
 *fill*         0x20000000       0xc0 
                0x200000c0                . = ALIGN (0x4)
                0x200000c0                __interrupts_ram_end__ = .
                0x20000000                __VECTOR_RAM = DEFINED (__flash_vector_table__)?ORIGIN (m_interrupts):__VECTOR_RAM__
                0x000000c0                __RAM_VECTOR_TABLE_SIZE = DEFINED (__flash_vector_table__)?0x0:(__interrupts_ram_end__ - __interrupts_ram_start__)

.data           0x200000c0      0x3a4 load address 0x00005cb0
                0x200000c0                . = ALIGN (0x4)
                0x200000c0                __DATA_RAM = .
                0x200000c0                __data_start__ = .
 *(.data)
 *(.data*)
 .data.clockMan1_InitConfig0
                0x200000c0       0x78 ./Generated_Code/clockMan1.o
                0x200000c0                clockMan1_InitConfig0
 .data.g_clockManConfigsArr
                0x20000138        0x4 ./Generated_Code/clockMan1.o
                0x20000138                g_clockManConfigsArr
 .data.peripheralClockConfig0
                0x2000013c       0x55 ./Generated_Code/clockMan1.o
                0x2000013c                peripheralClockConfig0
 *fill*         0x20000191        0x3 
 .data.dmaController1Chn0_Config
                0x20000194       0x10 ./Generated_Code/dmaController1.o
                0x20000194                dmaController1Chn0_Config
 .data.lpit1_ChnConfig0
                0x200001a4       0x18 ./Generated_Code/lpit1.o
                0x200001a4                lpit1_ChnConfig0
 .data.lpit1_ChnConfig1
                0x200001bc       0x18 ./Generated_Code/lpit1.o
                0x200001bc                lpit1_ChnConfig1
 .data.g_pin_mux_InitConfigArr
                0x200001d4      0x1e0 ./Generated_Code/pin_mux.o
                0x200001d4                g_pin_mux_InitConfigArr
 .data.peripheralClockConfig.5905
                0x200003b4       0x73 ./SDK/platform/drivers/src/clock/S32K1xx/clock_S32K1xx.o
 *fill*         0x20000427        0x1 
 .data.g_lpspiBase
                0x20000428        0x8 ./SDK/platform/drivers/src/lpspi/lpspi_shared_function.o
                0x20000428                g_lpspiBase
 .data.g_lpspiIrqId
                0x20000430        0x2 ./SDK/platform/drivers/src/lpspi/lpspi_shared_function.o
                0x20000430                g_lpspiIrqId
 *fill*         0x20000432        0x2 
 .data.transferConfig
                0x20000434       0x30 ./Sources/peripheral/adc/adc.o
                0x20000434                transferConfig
                0x20000464                . = ALIGN (0x4)
                0x20000464                __data_end__ = .
                0x00006054                __DATA_END = (__DATA_ROM + (__data_end__ - __data_start__))
                0x00006054                __CODE_ROM = __DATA_END

.igot.plt       0x20000464        0x0 load address 0x00006054
 .igot.plt      0x20000464        0x0 c:/nxp/s32ds_arm_v2.2/s32ds/build_tools/gcc_v6.3/gcc-6.3-arm32-eabi/bin/../lib/gcc/arm-none-eabi/6.3.1/thumb/v6-m/crtbegin.o

.code           0x20000464        0x0 load address 0x00006054
                0x20000464                . = ALIGN (0x4)
                0x20000464                __CODE_RAM = .
                0x20000464                __code_start__ = .
                0x20000464                __code_ram_start__ = .
 *(.code_ram)
                0x20000464                . = ALIGN (0x4)
                0x20000464                __code_end__ = .
                0x20000464                __code_ram_end__ = .
                0x00006054                __CODE_END = (__CODE_ROM + (__code_end__ - __code_start__))
                0x00006054                __CUSTOM_ROM = __CODE_END

.customSectionBlock
                0x1ffffc00        0x0 load address 0x00006054
                0x1ffffc00                __customSectionStart = .
                0x1ffffc00                __customSection_start__ = .
 *(.customSection)
                0x1ffffc00                __customSection_end__ = .
                0x00006054                __CUSTOM_END = (__CUSTOM_ROM + (__customSection_end__ - __customSection_start__))
                0x00006054                __rom_end = __CUSTOM_END

.bss            0x200010c0      0x14c
                0x200010c0                . = ALIGN (0x4)
                0x200010c0                __BSS_START = .
                0x200010c0                __bss_start__ = .
 *(.bss)
 *(.bss*)
 .bss.g_clockManCallbacksArr
                0x200010c0        0x4 ./Generated_Code/clockMan1.o
                0x200010c0                g_clockManCallbacksArr
 .bss.g_clockState
                0x200010c4       0x10 ./SDK/platform/drivers/src/clock/S32K1xx/clock_S32K1xx.o
 .bss.s_virtEdmaState
                0x200010d4        0x4 ./SDK/platform/drivers/src/edma/edma_driver.o
 .bss.g_flexcanStatePtr
                0x200010d8        0x4 ./SDK/platform/drivers/src/flexcan/flexcan_driver.o
 .bss.ftmStatePtr
                0x200010dc        0x8 ./SDK/platform/drivers/src/ftm/ftm_common.o
                0x200010dc                ftmStatePtr
 .bss.g_interruptDisableCount
                0x200010e4        0x4 ./SDK/platform/drivers/src/interrupt/interrupt_manager.o
 .bss.g_lpi2cMasterStatePtr
                0x200010e8        0x4 ./SDK/platform/drivers/src/lpi2c/lpi2c_driver.o
 .bss.g_lpi2cSlaveStatePtr
                0x200010ec        0x4 ./SDK/platform/drivers/src/lpi2c/lpi2c_driver.o
 .bss.s_lpitSourceClockFrequency
                0x200010f0        0x4 ./SDK/platform/drivers/src/lpit/lpit_driver.o
 .bss.g_lpspiStatePtr
                0x200010f4        0x8 ./SDK/platform/drivers/src/lpspi/lpspi_shared_function.o
                0x200010f4                g_lpspiStatePtr
 .bss.s_osif_tick_cnt
                0x200010fc        0x4 ./SDK/rtos/osif/osif_baremetal.o
 .bss.loopConfig
                0x20001100       0x10 ./Sources/peripheral/adc/adc.o
                0x20001100                loopConfig
 *(COMMON)
 COMMON         0x20001110       0x20 ./Generated_Code/dmaController1.o
                0x20001110                dmaController1_State
                0x20001120                dmaController1Chn0_State
 COMMON         0x20001130       0x34 ./Generated_Code/lpspiCom1.o
                0x20001130                lpspiCom1State
 COMMON         0x20001164       0x14 ./SDK/platform/drivers/src/clock/S32K1xx/clock_S32K1xx.o
                0x20001164                g_xtal0ClkFreq
                0x20001168                g_RtcClkInFreq
                0x2000116c                g_TClkFreq
 COMMON         0x20001178       0x54 ./Sources/peripheral/adc/adc.o
                0x20001178                Adc_Dma_Hw_value
                0x200011b8                Adc_Dma_Hw_Buffer
                0x200011bc                adcRawValue
 COMMON         0x200011cc       0x40 ./Sources/scheduler/scheduler.o
                0x200011cc                task_scheduler
                0x2000120c                . = ALIGN (0x4)
                0x2000120c                __bss_end__ = .
                0x2000120c                __BSS_END = .

.heap           0x2000120c      0x204
                0x20001210                . = ALIGN (0x8)
 *fill*         0x2000120c        0x4 
                0x20001210                __end__ = .
                0x20001210                __heap_start__ = .
                [!provide]                PROVIDE (end, .)
                [!provide]                PROVIDE (_end, .)
                [!provide]                PROVIDE (__end, .)
                0x20001210                __HeapBase = .
                0x20001410                . = (. + HEAP_SIZE)
 *fill*         0x20001210      0x200 
                0x20001410                __HeapLimit = .
                0x20001410                __heap_limit = .
                0x20001410                __heap_end__ = .
                0x20005800                __StackTop = (ORIGIN (m_data_2) + LENGTH (m_data_2))
                0x20005600                __StackLimit = (__StackTop - STACK_SIZE)
                0x20005800                PROVIDE (__stack, __StackTop)
                0x20005800                __RAM_END = __StackTop

.stack          0x20005600      0x200
                0x20005600                . = ALIGN (0x8)
                0x20005600                __stack_start__ = .
                0x20005800                . = (. + STACK_SIZE)
 *fill*         0x20005600      0x200 
                0x20005800                __stack_end__ = .

.ARM.attributes
                0x00000000       0x28
 *(.ARM.attributes)
 .ARM.attributes
                0x00000000       0x1e c:/nxp/s32ds_arm_v2.2/s32ds/build_tools/gcc_v6.3/gcc-6.3-arm32-eabi/bin/../lib/gcc/arm-none-eabi/6.3.1/thumb/v6-m/crti.o
 .ARM.attributes
                0x0000001e       0x32 ./Generated_Code/adConv1.o
 .ARM.attributes
                0x00000050       0x32 ./Generated_Code/clockMan1.o
 .ARM.attributes
                0x00000082       0x32 ./Generated_Code/dmaController1.o
 .ARM.attributes
                0x000000b4       0x32 ./Generated_Code/lpit1.o
 .ARM.attributes
                0x000000e6       0x32 ./Generated_Code/lpspiCom1.o
 .ARM.attributes
                0x00000118       0x32 ./Generated_Code/pdly1.o
 .ARM.attributes
                0x0000014a       0x32 ./Generated_Code/pin_mux.o
 .ARM.attributes
                0x0000017c       0x32 ./Generated_Code/trgmux1.o
 .ARM.attributes
                0x000001ae       0x1b ./Project_Settings/Startup_Code/startup_S32K118.o
 .ARM.attributes
                0x000001c9       0x32 ./SDK/platform/devices/S32K118/startup/system_S32K118.o
 .ARM.attributes
                0x000001fb       0x32 ./SDK/platform/devices/startup.o
 .ARM.attributes
                0x0000022d       0x32 ./SDK/platform/drivers/src/adc/adc_driver.o
 .ARM.attributes
                0x0000025f       0x32 ./SDK/platform/drivers/src/clock/S32K1xx/clock_S32K1xx.o
 .ARM.attributes
                0x00000291       0x32 ./SDK/platform/drivers/src/edma/edma_driver.o
 .ARM.attributes
                0x000002c3       0x32 ./SDK/platform/drivers/src/edma/edma_hw_access.o
 .ARM.attributes
                0x000002f5       0x32 ./SDK/platform/drivers/src/edma/edma_irq.o
 .ARM.attributes
                0x00000327       0x32 ./SDK/platform/drivers/src/flexcan/flexcan_driver.o
 .ARM.attributes
                0x00000359       0x32 ./SDK/platform/drivers/src/flexcan/flexcan_hw_access.o
 .ARM.attributes
                0x0000038b       0x32 ./SDK/platform/drivers/src/flexcan/flexcan_irq.o
 .ARM.attributes
                0x000003bd       0x32 ./SDK/platform/drivers/src/ftm/ftm_common.o
 .ARM.attributes
                0x000003ef       0x32 ./SDK/platform/drivers/src/ftm/ftm_ic_driver.o
 .ARM.attributes
                0x00000421       0x32 ./SDK/platform/drivers/src/interrupt/interrupt_manager.o
 .ARM.attributes
                0x00000453       0x32 ./SDK/platform/drivers/src/lpi2c/lpi2c_driver.o
 .ARM.attributes
                0x00000485       0x32 ./SDK/platform/drivers/src/lpi2c/lpi2c_hw_access.o
 .ARM.attributes
                0x000004b7       0x32 ./SDK/platform/drivers/src/lpi2c/lpi2c_irq.o
 .ARM.attributes
                0x000004e9       0x32 ./SDK/platform/drivers/src/lpit/lpit_driver.o
 .ARM.attributes
                0x0000051b       0x32 ./SDK/platform/drivers/src/lpspi/lpspi_hw_access.o
 .ARM.attributes
                0x0000054d       0x32 ./SDK/platform/drivers/src/lpspi/lpspi_irq.o
 .ARM.attributes
                0x0000057f       0x32 ./SDK/platform/drivers/src/lpspi/lpspi_master_driver.o
 .ARM.attributes
                0x000005b1       0x32 ./SDK/platform/drivers/src/lpspi/lpspi_shared_function.o
 .ARM.attributes
                0x000005e3       0x32 ./SDK/platform/drivers/src/lpspi/lpspi_slave_driver.o
 .ARM.attributes
                0x00000615       0x32 ./SDK/platform/drivers/src/pdb/pdb_driver.o
 .ARM.attributes
                0x00000647       0x32 ./SDK/platform/drivers/src/pdb/pdb_hw_access.o
 .ARM.attributes
                0x00000679       0x32 ./SDK/platform/drivers/src/pins/pins_driver.o
 .ARM.attributes
                0x000006ab       0x32 ./SDK/platform/drivers/src/pins/pins_port_hw_access.o
 .ARM.attributes
                0x000006dd       0x32 ./SDK/platform/drivers/src/trgmux/trgmux_driver.o
 .ARM.attributes
                0x0000070f       0x32 ./SDK/platform/drivers/src/trgmux/trgmux_hw_access.o
 .ARM.attributes
                0x00000741       0x32 ./SDK/rtos/osif/osif_baremetal.o
 .ARM.attributes
                0x00000773       0x32 ./Sources/main.o
 .ARM.attributes
                0x000007a5       0x32 ./Sources/peripheral/adc/adc.o
 .ARM.attributes
                0x000007d7       0x32 ./Sources/peripheral/io/io.o
 .ARM.attributes
                0x00000809       0x32 ./Sources/peripheral/lpit/lpit.o
 .ARM.attributes
                0x0000083b       0x32 ./Sources/peripheral/spi/spi.o
 .ARM.attributes
                0x0000086d       0x32 ./Sources/scheduler/scheduler.o
 .ARM.attributes
                0x0000089f       0x32 ./Sources/task/task.o
 .ARM.attributes
                0x000008d1       0x1e c:/nxp/s32ds_arm_v2.2/s32ds/build_tools/gcc_v6.3/gcc-6.3-arm32-eabi/bin/../lib/gcc/arm-none-eabi/6.3.1/thumb/v6-m\libgcc.a(_udivsi3.o)
 .ARM.attributes
                0x000008ef       0x1e c:/nxp/s32ds_arm_v2.2/s32ds/build_tools/gcc_v6.3/gcc-6.3-arm32-eabi/bin/../lib/gcc/arm-none-eabi/6.3.1/thumb/v6-m\libgcc.a(_divsi3.o)
 .ARM.attributes
                0x0000090d       0x1e c:/nxp/s32ds_arm_v2.2/s32ds/build_tools/gcc_v6.3/gcc-6.3-arm32-eabi/bin/../lib/gcc/arm-none-eabi/6.3.1/thumb/v6-m\libgcc.a(_dvmd_tls.o)
 .ARM.attributes
                0x0000092b       0x1e c:/nxp/s32ds_arm_v2.2/s32ds/build_tools/gcc_v6.3/gcc-6.3-arm32-eabi/bin/../lib/gcc/arm-none-eabi/6.3.1/thumb/v6-m\libgcc.a(_aeabi_uldivmod.o)
 .ARM.attributes
                0x00000949       0x2c c:/nxp/s32ds_arm_v2.2/s32ds/build_tools/gcc_v6.3/gcc-6.3-arm32-eabi/bin/../lib/gcc/arm-none-eabi/6.3.1/thumb/v6-m\libgcc.a(_muldi3.o)
 .ARM.attributes
                0x00000975       0x2c c:/nxp/s32ds_arm_v2.2/s32ds/build_tools/gcc_v6.3/gcc-6.3-arm32-eabi/bin/../lib/gcc/arm-none-eabi/6.3.1/thumb/v6-m\libgcc.a(_udivmoddi4.o)
 .ARM.attributes
                0x000009a1       0x1e c:/nxp/s32ds_arm_v2.2/s32ds/build_tools/gcc_v6.3/gcc-6.3-arm32-eabi/bin/../lib/gcc/arm-none-eabi/6.3.1/thumb/v6-m\libgcc.a(_clzdi2.o)
 .ARM.attributes
                0x000009bf       0x1e c:/nxp/s32ds_arm_v2.2/s32ds/build_tools/gcc_v6.3/gcc-6.3-arm32-eabi/bin/../lib/gcc/arm-none-eabi/6.3.1/thumb/v6-m\libgcc.a(_clzsi2.o)
                0x00000001                ASSERT ((__rom_end <= (ORIGIN (m_text) + LENGTH (m_text))), Region m_text overflowed!)
                0x00000001                ASSERT ((__StackLimit >= __HeapLimit), region m_data_2 overflowed with stack and heap)
OUTPUT(HALL_Ap_Sys.elf elf32-littlearm)

.debug_info     0x00000000    0x6191c
 .debug_info    0x00000000     0x3a85 ./Generated_Code/adConv1.o
 .debug_info    0x00003a85     0x3a39 ./Generated_Code/clockMan1.o
 .debug_info    0x000074be     0x3a51 ./Generated_Code/dmaController1.o
 .debug_info    0x0000af0f     0x3a2a ./Generated_Code/lpit1.o
 .debug_info    0x0000e939     0x3a2a ./Generated_Code/lpspiCom1.o
 .debug_info    0x00012363     0x3a78 ./Generated_Code/pdly1.o
 .debug_info    0x00015ddb      0x404 ./Generated_Code/pin_mux.o
 .debug_info    0x000161df     0x3a1d ./Generated_Code/trgmux1.o
 .debug_info    0x00019bfc       0x26 ./Project_Settings/Startup_Code/startup_S32K118.o
 .debug_info    0x00019c22      0x3f3 ./SDK/platform/devices/S32K118/startup/system_S32K118.o
 .debug_info    0x0001a015      0x295 ./SDK/platform/devices/startup.o
 .debug_info    0x0001a2aa     0x33f7 ./SDK/platform/drivers/src/adc/adc_driver.o
 .debug_info    0x0001d6a1     0x565c ./SDK/platform/drivers/src/clock/S32K1xx/clock_S32K1xx.o
 .debug_info    0x00022cfd     0x46a5 ./SDK/platform/drivers/src/edma/edma_driver.o
 .debug_info    0x000273a2      0xa51 ./SDK/platform/drivers/src/edma/edma_hw_access.o
 .debug_info    0x00027df3      0x515 ./SDK/platform/drivers/src/edma/edma_irq.o
 .debug_info    0x00028308     0x54e8 ./SDK/platform/drivers/src/flexcan/flexcan_driver.o
 .debug_info    0x0002d7f0     0x1ffc ./SDK/platform/drivers/src/flexcan/flexcan_hw_access.o
 .debug_info    0x0002f7ec       0xc8 ./SDK/platform/drivers/src/flexcan/flexcan_irq.o
 .debug_info    0x0002f8b4     0x2f05 ./SDK/platform/drivers/src/ftm/ftm_common.o
 .debug_info    0x000327b9     0x2409 ./SDK/platform/drivers/src/ftm/ftm_ic_driver.o
 .debug_info    0x00034bc2      0xa7c ./SDK/platform/drivers/src/interrupt/interrupt_manager.o
 .debug_info    0x0003563e     0x5d14 ./SDK/platform/drivers/src/lpi2c/lpi2c_driver.o
 .debug_info    0x0003b352      0x433 ./SDK/platform/drivers/src/lpi2c/lpi2c_hw_access.o
 .debug_info    0x0003b785       0xab ./SDK/platform/drivers/src/lpi2c/lpi2c_irq.o
 .debug_info    0x0003b830     0x1f90 ./SDK/platform/drivers/src/lpit/lpit_driver.o
 .debug_info    0x0003d7c0     0x11e3 ./SDK/platform/drivers/src/lpspi/lpspi_hw_access.o
 .debug_info    0x0003e9a3      0x5f3 ./SDK/platform/drivers/src/lpspi/lpspi_irq.o
 .debug_info    0x0003ef96     0x2ddf ./SDK/platform/drivers/src/lpspi/lpspi_master_driver.o
 .debug_info    0x00041d75      0xa27 ./SDK/platform/drivers/src/lpspi/lpspi_shared_function.o
 .debug_info    0x0004279c     0x24c3 ./SDK/platform/drivers/src/lpspi/lpspi_slave_driver.o
 .debug_info    0x00044c5f     0x190c ./SDK/platform/drivers/src/pdb/pdb_driver.o
 .debug_info    0x0004656b      0x972 ./SDK/platform/drivers/src/pdb/pdb_hw_access.o
 .debug_info    0x00046edd     0x13f0 ./SDK/platform/drivers/src/pins/pins_driver.o
 .debug_info    0x000482cd      0x72c ./SDK/platform/drivers/src/pins/pins_port_hw_access.o
 .debug_info    0x000489f9      0xbe2 ./SDK/platform/drivers/src/trgmux/trgmux_driver.o
 .debug_info    0x000495db      0x7ec ./SDK/platform/drivers/src/trgmux/trgmux_hw_access.o
 .debug_info    0x00049dc7      0xb57 ./SDK/rtos/osif/osif_baremetal.o
 .debug_info    0x0004a91e     0x3c77 ./Sources/main.o
 .debug_info    0x0004e595     0x4484 ./Sources/peripheral/adc/adc.o
 .debug_info    0x00052a19     0x3bef ./Sources/peripheral/io/io.o
 .debug_info    0x00056608     0x3b8f ./Sources/peripheral/lpit/lpit.o
 .debug_info    0x0005a197     0x3a72 ./Sources/peripheral/spi/spi.o
 .debug_info    0x0005dc09      0x1f4 ./Sources/scheduler/scheduler.o
 .debug_info    0x0005ddfd     0x3b1f ./Sources/task/task.o

.debug_abbrev   0x00000000     0x68ff
 .debug_abbrev  0x00000000      0x1a5 ./Generated_Code/adConv1.o
 .debug_abbrev  0x000001a5      0x1b2 ./Generated_Code/clockMan1.o
 .debug_abbrev  0x00000357      0x1a5 ./Generated_Code/dmaController1.o
 .debug_abbrev  0x000004fc      0x1a5 ./Generated_Code/lpit1.o
 .debug_abbrev  0x000006a1      0x1a5 ./Generated_Code/lpspiCom1.o
 .debug_abbrev  0x00000846      0x1a5 ./Generated_Code/pdly1.o
 .debug_abbrev  0x000009eb       0xcd ./Generated_Code/pin_mux.o
 .debug_abbrev  0x00000ab8      0x1a5 ./Generated_Code/trgmux1.o
 .debug_abbrev  0x00000c5d       0x14 ./Project_Settings/Startup_Code/startup_S32K118.o
 .debug_abbrev  0x00000c71      0x14c ./SDK/platform/devices/S32K118/startup/system_S32K118.o
 .debug_abbrev  0x00000dbd       0xe1 ./SDK/platform/devices/startup.o
 .debug_abbrev  0x00000e9e      0x3ce ./SDK/platform/drivers/src/adc/adc_driver.o
 .debug_abbrev  0x0000126c      0x423 ./SDK/platform/drivers/src/clock/S32K1xx/clock_S32K1xx.o
 .debug_abbrev  0x0000168f      0x437 ./SDK/platform/drivers/src/edma/edma_driver.o
 .debug_abbrev  0x00001ac6      0x240 ./SDK/platform/drivers/src/edma/edma_hw_access.o
 .debug_abbrev  0x00001d06      0x1aa ./SDK/platform/drivers/src/edma/edma_irq.o
 .debug_abbrev  0x00001eb0      0x488 ./SDK/platform/drivers/src/flexcan/flexcan_driver.o
 .debug_abbrev  0x00002338      0x403 ./SDK/platform/drivers/src/flexcan/flexcan_hw_access.o
 .debug_abbrev  0x0000273b       0x6d ./SDK/platform/drivers/src/flexcan/flexcan_irq.o
 .debug_abbrev  0x000027a8      0x3b6 ./SDK/platform/drivers/src/ftm/ftm_common.o
 .debug_abbrev  0x00002b5e      0x381 ./SDK/platform/drivers/src/ftm/ftm_ic_driver.o
 .debug_abbrev  0x00002edf      0x269 ./SDK/platform/drivers/src/interrupt/interrupt_manager.o
 .debug_abbrev  0x00003148      0x494 ./SDK/platform/drivers/src/lpi2c/lpi2c_driver.o
 .debug_abbrev  0x000035dc      0x162 ./SDK/platform/drivers/src/lpi2c/lpi2c_hw_access.o
 .debug_abbrev  0x0000373e       0x6d ./SDK/platform/drivers/src/lpi2c/lpi2c_irq.o
 .debug_abbrev  0x000037ab      0x3a8 ./SDK/platform/drivers/src/lpit/lpit_driver.o
 .debug_abbrev  0x00003b53      0x2c4 ./SDK/platform/drivers/src/lpspi/lpspi_hw_access.o
 .debug_abbrev  0x00003e17      0x14f ./SDK/platform/drivers/src/lpspi/lpspi_irq.o
 .debug_abbrev  0x00003f66      0x41a ./SDK/platform/drivers/src/lpspi/lpspi_master_driver.o
 .debug_abbrev  0x00004380      0x252 ./SDK/platform/drivers/src/lpspi/lpspi_shared_function.o
 .debug_abbrev  0x000045d2      0x407 ./SDK/platform/drivers/src/lpspi/lpspi_slave_driver.o
 .debug_abbrev  0x000049d9      0x396 ./SDK/platform/drivers/src/pdb/pdb_driver.o
 .debug_abbrev  0x00004d6f      0x25f ./SDK/platform/drivers/src/pdb/pdb_hw_access.o
 .debug_abbrev  0x00004fce      0x2fc ./SDK/platform/drivers/src/pins/pins_driver.o
 .debug_abbrev  0x000052ca      0x1f1 ./SDK/platform/drivers/src/pins/pins_port_hw_access.o
 .debug_abbrev  0x000054bb      0x1e4 ./SDK/platform/drivers/src/trgmux/trgmux_driver.o
 .debug_abbrev  0x0000569f      0x197 ./SDK/platform/drivers/src/trgmux/trgmux_hw_access.o
 .debug_abbrev  0x00005836      0x315 ./SDK/rtos/osif/osif_baremetal.o
 .debug_abbrev  0x00005b4b      0x22f ./Sources/main.o
 .debug_abbrev  0x00005d7a      0x274 ./Sources/peripheral/adc/adc.o
 .debug_abbrev  0x00005fee      0x1eb ./Sources/peripheral/io/io.o
 .debug_abbrev  0x000061d9      0x20e ./Sources/peripheral/lpit/lpit.o
 .debug_abbrev  0x000063e7      0x1fa ./Sources/peripheral/spi/spi.o
 .debug_abbrev  0x000065e1      0x110 ./Sources/scheduler/scheduler.o
 .debug_abbrev  0x000066f1      0x20e ./Sources/task/task.o

.debug_aranges  0x00000000     0x11c0
 .debug_aranges
                0x00000000       0x18 ./Generated_Code/adConv1.o
 .debug_aranges
                0x00000018       0x18 ./Generated_Code/clockMan1.o
 .debug_aranges
                0x00000030       0x18 ./Generated_Code/dmaController1.o
 .debug_aranges
                0x00000048       0x18 ./Generated_Code/lpit1.o
 .debug_aranges
                0x00000060       0x18 ./Generated_Code/lpspiCom1.o
 .debug_aranges
                0x00000078       0x18 ./Generated_Code/pdly1.o
 .debug_aranges
                0x00000090       0x18 ./Generated_Code/pin_mux.o
 .debug_aranges
                0x000000a8       0x18 ./Generated_Code/trgmux1.o
 .debug_aranges
                0x000000c0       0x20 ./Project_Settings/Startup_Code/startup_S32K118.o
 .debug_aranges
                0x000000e0       0x30 ./SDK/platform/devices/S32K118/startup/system_S32K118.o
 .debug_aranges
                0x00000110       0x20 ./SDK/platform/devices/startup.o
 .debug_aranges
                0x00000130       0xe0 ./SDK/platform/drivers/src/adc/adc_driver.o
 .debug_aranges
                0x00000210      0x110 ./SDK/platform/drivers/src/clock/S32K1xx/clock_S32K1xx.o
 .debug_aranges
                0x00000320      0x140 ./SDK/platform/drivers/src/edma/edma_driver.o
 .debug_aranges
                0x00000460       0x88 ./SDK/platform/drivers/src/edma/edma_hw_access.o
 .debug_aranges
                0x000004e8       0x40 ./SDK/platform/drivers/src/edma/edma_irq.o
 .debug_aranges
                0x00000528      0x190 ./SDK/platform/drivers/src/flexcan/flexcan_driver.o
 .debug_aranges
                0x000006b8       0xe8 ./SDK/platform/drivers/src/flexcan/flexcan_hw_access.o
 .debug_aranges
                0x000007a0       0x28 ./SDK/platform/drivers/src/flexcan/flexcan_irq.o
 .debug_aranges
                0x000007c8       0xc8 ./SDK/platform/drivers/src/ftm/ftm_common.o
 .debug_aranges
                0x00000890       0x58 ./SDK/platform/drivers/src/ftm/ftm_ic_driver.o
 .debug_aranges
                0x000008e8       0x68 ./SDK/platform/drivers/src/interrupt/interrupt_manager.o
 .debug_aranges
                0x00000950      0x150 ./SDK/platform/drivers/src/lpi2c/lpi2c_driver.o
 .debug_aranges
                0x00000aa0       0x20 ./SDK/platform/drivers/src/lpi2c/lpi2c_hw_access.o
 .debug_aranges
                0x00000ac0       0x20 ./SDK/platform/drivers/src/lpi2c/lpi2c_irq.o
 .debug_aranges
                0x00000ae0       0xb0 ./SDK/platform/drivers/src/lpit/lpit_driver.o
 .debug_aranges
                0x00000b90       0x70 ./SDK/platform/drivers/src/lpspi/lpspi_hw_access.o
 .debug_aranges
                0x00000c00       0x28 ./SDK/platform/drivers/src/lpspi/lpspi_irq.o
 .debug_aranges
                0x00000c28       0x90 ./SDK/platform/drivers/src/lpspi/lpspi_master_driver.o
 .debug_aranges
                0x00000cb8       0x38 ./SDK/platform/drivers/src/lpspi/lpspi_shared_function.o
 .debug_aranges
                0x00000cf0       0x60 ./SDK/platform/drivers/src/lpspi/lpspi_slave_driver.o
 .debug_aranges
                0x00000d50       0xc0 ./SDK/platform/drivers/src/pdb/pdb_driver.o
 .debug_aranges
                0x00000e10       0x58 ./SDK/platform/drivers/src/pdb/pdb_hw_access.o
 .debug_aranges
                0x00000e68       0xd0 ./SDK/platform/drivers/src/pins/pins_driver.o
 .debug_aranges
                0x00000f38       0x38 ./SDK/platform/drivers/src/pins/pins_port_hw_access.o
 .debug_aranges
                0x00000f70       0x50 ./SDK/platform/drivers/src/trgmux/trgmux_driver.o
 .debug_aranges
                0x00000fc0       0x40 ./SDK/platform/drivers/src/trgmux/trgmux_hw_access.o
 .debug_aranges
                0x00001000       0x70 ./SDK/rtos/osif/osif_baremetal.o
 .debug_aranges
                0x00001070       0x20 ./Sources/main.o
 .debug_aranges
                0x00001090       0x40 ./Sources/peripheral/adc/adc.o
 .debug_aranges
                0x000010d0       0x28 ./Sources/peripheral/io/io.o
 .debug_aranges
                0x000010f8       0x28 ./Sources/peripheral/lpit/lpit.o
 .debug_aranges
                0x00001120       0x20 ./Sources/peripheral/spi/spi.o
 .debug_aranges
                0x00001140       0x40 ./Sources/scheduler/scheduler.o
 .debug_aranges
                0x00001180       0x40 ./Sources/task/task.o

.debug_macro    0x00000000    0x116f8
 .debug_macro   0x00000000      0x275 ./Generated_Code/adConv1.o
 .debug_macro   0x00000275     0xc804 ./Generated_Code/adConv1.o
 .debug_macro   0x0000ca79       0x10 ./Generated_Code/adConv1.o
 .debug_macro   0x0000ca89      0x26a ./Generated_Code/clockMan1.o
 .debug_macro   0x0000ccf3      0x274 ./Generated_Code/dmaController1.o
 .debug_macro   0x0000cf67       0x10 ./Generated_Code/dmaController1.o
 .debug_macro   0x0000cf77      0x274 ./Generated_Code/lpit1.o
 .debug_macro   0x0000d1eb      0x26e ./Generated_Code/lpspiCom1.o
 .debug_macro   0x0000d459      0x276 ./Generated_Code/pdly1.o
 .debug_macro   0x0000d6cf       0xdc ./Generated_Code/pin_mux.o
 .debug_macro   0x0000d7ab      0x276 ./Generated_Code/trgmux1.o
 .debug_macro   0x0000da21       0xb5 ./SDK/platform/devices/S32K118/startup/system_S32K118.o
 .debug_macro   0x0000dad6       0xb6 ./SDK/platform/devices/startup.o
 .debug_macro   0x0000db8c       0x40 ./SDK/platform/devices/startup.o
 .debug_macro   0x0000dbcc       0xea ./SDK/platform/drivers/src/adc/adc_driver.o
 .debug_macro   0x0000dcb6      0x284 ./SDK/platform/drivers/src/clock/S32K1xx/clock_S32K1xx.o
 .debug_macro   0x0000df3a       0xf7 ./SDK/platform/drivers/src/edma/edma_driver.o
 .debug_macro   0x0000e031       0xcc ./SDK/platform/drivers/src/edma/edma_hw_access.o
 .debug_macro   0x0000e0fd       0xd0 ./SDK/platform/drivers/src/edma/edma_irq.o
 .debug_macro   0x0000e1cd      0x19b ./SDK/platform/drivers/src/flexcan/flexcan_driver.o
 .debug_macro   0x0000e368       0x4c ./SDK/platform/drivers/src/flexcan/flexcan_driver.o
 .debug_macro   0x0000e3b4       0x55 ./SDK/platform/drivers/src/flexcan/flexcan_driver.o
 .debug_macro   0x0000e409       0x3c ./SDK/platform/drivers/src/flexcan/flexcan_driver.o
 .debug_macro   0x0000e445       0x9c ./SDK/platform/drivers/src/flexcan/flexcan_driver.o
 .debug_macro   0x0000e4e1       0x16 ./SDK/platform/drivers/src/flexcan/flexcan_driver.o
 .debug_macro   0x0000e4f7       0x57 ./SDK/platform/drivers/src/flexcan/flexcan_driver.o
 .debug_macro   0x0000e54e      0x186 ./SDK/platform/drivers/src/flexcan/flexcan_driver.o
 .debug_macro   0x0000e6d4      0x165 ./SDK/platform/drivers/src/flexcan/flexcan_hw_access.o
 .debug_macro   0x0000e839       0xb6 ./SDK/platform/drivers/src/flexcan/flexcan_irq.o
 .debug_macro   0x0000e8ef      0x10d ./SDK/platform/drivers/src/ftm/ftm_common.o
 .debug_macro   0x0000e9fc      0x11b ./SDK/platform/drivers/src/ftm/ftm_ic_driver.o
 .debug_macro   0x0000eb17       0xc9 ./SDK/platform/drivers/src/interrupt/interrupt_manager.o
 .debug_macro   0x0000ebe0      0x142 ./SDK/platform/drivers/src/lpi2c/lpi2c_driver.o
 .debug_macro   0x0000ed22       0x88 ./SDK/platform/drivers/src/lpi2c/lpi2c_driver.o
 .debug_macro   0x0000edaa       0xfd ./SDK/platform/drivers/src/lpi2c/lpi2c_hw_access.o
 .debug_macro   0x0000eea7       0x82 ./SDK/platform/drivers/src/lpi2c/lpi2c_hw_access.o
 .debug_macro   0x0000ef29       0xff ./SDK/platform/drivers/src/lpi2c/lpi2c_irq.o
 .debug_macro   0x0000f028       0xf7 ./SDK/platform/drivers/src/lpit/lpit_driver.o
 .debug_macro   0x0000f11f      0x10a ./SDK/platform/drivers/src/lpspi/lpspi_hw_access.o
 .debug_macro   0x0000f229      0x135 ./SDK/platform/drivers/src/lpspi/lpspi_irq.o
 .debug_macro   0x0000f35e      0x1d4 ./SDK/platform/drivers/src/lpspi/lpspi_master_driver.o
 .debug_macro   0x0000f532       0x52 ./SDK/platform/drivers/src/lpspi/lpspi_master_driver.o
 .debug_macro   0x0000f584       0x1f ./SDK/platform/drivers/src/lpspi/lpspi_master_driver.o
 .debug_macro   0x0000f5a3       0x43 ./SDK/platform/drivers/src/lpspi/lpspi_master_driver.o
 .debug_macro   0x0000f5e6       0x20 ./SDK/platform/drivers/src/lpspi/lpspi_master_driver.o
 .debug_macro   0x0000f606      0x1a3 ./SDK/platform/drivers/src/lpspi/lpspi_master_driver.o
 .debug_macro   0x0000f7a9      0x330 ./SDK/platform/drivers/src/lpspi/lpspi_master_driver.o
 .debug_macro   0x0000fad9       0x10 ./SDK/platform/drivers/src/lpspi/lpspi_master_driver.o
 .debug_macro   0x0000fae9       0x35 ./SDK/platform/drivers/src/lpspi/lpspi_master_driver.o
 .debug_macro   0x0000fb1e      0x13e ./SDK/platform/drivers/src/lpspi/lpspi_shared_function.o
 .debug_macro   0x0000fc5c      0x1ce ./SDK/platform/drivers/src/lpspi/lpspi_slave_driver.o
 .debug_macro   0x0000fe2a       0xee ./SDK/platform/drivers/src/pdb/pdb_driver.o
 .debug_macro   0x0000ff18       0xe4 ./SDK/platform/drivers/src/pdb/pdb_hw_access.o
 .debug_macro   0x0000fffc       0xdd ./SDK/platform/drivers/src/pins/pins_driver.o
 .debug_macro   0x000100d9       0xdd ./SDK/platform/drivers/src/pins/pins_port_hw_access.o
 .debug_macro   0x000101b6       0xc7 ./SDK/platform/drivers/src/trgmux/trgmux_driver.o
 .debug_macro   0x0001027d       0xdf ./SDK/platform/drivers/src/trgmux/trgmux_hw_access.o
 .debug_macro   0x0001035c       0xfb ./SDK/rtos/osif/osif_baremetal.o
 .debug_macro   0x00010457      0x2ed ./Sources/main.o
 .debug_macro   0x00010744       0x4f ./Sources/main.o
 .debug_macro   0x00010793      0x115 ./Sources/main.o
 .debug_macro   0x000108a8       0x22 ./Sources/main.o
 .debug_macro   0x000108ca       0x22 ./Sources/main.o
 .debug_macro   0x000108ec      0x29a ./Sources/peripheral/adc/adc.o
 .debug_macro   0x00010b86      0x303 ./Sources/peripheral/io/io.o
 .debug_macro   0x00010e89      0x294 ./Sources/peripheral/lpit/lpit.o
 .debug_macro   0x0001111d      0x27e ./Sources/peripheral/spi/spi.o
 .debug_macro   0x0001139b       0x73 ./Sources/scheduler/scheduler.o
 .debug_macro   0x0001140e      0x2ce ./Sources/task/task.o
 .debug_macro   0x000116dc       0x1c ./Sources/task/task.o

.debug_line     0x00000000    0x16ef3
 .debug_line    0x00000000      0x76b ./Generated_Code/adConv1.o
 .debug_line    0x0000076b      0x76d ./Generated_Code/clockMan1.o
 .debug_line    0x00000ed8      0x772 ./Generated_Code/dmaController1.o
 .debug_line    0x0000164a      0x769 ./Generated_Code/lpit1.o
 .debug_line    0x00001db3      0x76d ./Generated_Code/lpspiCom1.o
 .debug_line    0x00002520      0x769 ./Generated_Code/pdly1.o
 .debug_line    0x00002c89      0x41b ./Generated_Code/pin_mux.o
 .debug_line    0x000030a4      0x76b ./Generated_Code/trgmux1.o
 .debug_line    0x0000380f       0xd4 ./Project_Settings/Startup_Code/startup_S32K118.o
 .debug_line    0x000038e3      0x448 ./SDK/platform/devices/S32K118/startup/system_S32K118.o
 .debug_line    0x00003d2b      0x3cd ./SDK/platform/devices/startup.o
 .debug_line    0x000040f8      0xc13 ./SDK/platform/drivers/src/adc/adc_driver.o
 .debug_line    0x00004d0b     0x131a ./SDK/platform/drivers/src/clock/S32K1xx/clock_S32K1xx.o
 .debug_line    0x00006025     0x1131 ./SDK/platform/drivers/src/edma/edma_driver.o
 .debug_line    0x00007156      0x652 ./SDK/platform/drivers/src/edma/edma_hw_access.o
 .debug_line    0x000077a8      0x4e5 ./SDK/platform/drivers/src/edma/edma_irq.o
 .debug_line    0x00007c8d     0x1212 ./SDK/platform/drivers/src/flexcan/flexcan_driver.o
 .debug_line    0x00008e9f      0xb7b ./SDK/platform/drivers/src/flexcan/flexcan_hw_access.o
 .debug_line    0x00009a1a      0x412 ./SDK/platform/drivers/src/flexcan/flexcan_irq.o
 .debug_line    0x00009e2c      0xb8f ./SDK/platform/drivers/src/ftm/ftm_common.o
 .debug_line    0x0000a9bb      0xb01 ./SDK/platform/drivers/src/ftm/ftm_ic_driver.o
 .debug_line    0x0000b4bc      0x649 ./SDK/platform/drivers/src/interrupt/interrupt_manager.o
 .debug_line    0x0000bb05     0x12be ./SDK/platform/drivers/src/lpi2c/lpi2c_driver.o
 .debug_line    0x0000cdc3      0x50c ./SDK/platform/drivers/src/lpi2c/lpi2c_hw_access.o
 .debug_line    0x0000d2cf      0x4ea ./SDK/platform/drivers/src/lpi2c/lpi2c_irq.o
 .debug_line    0x0000d7b9      0xa17 ./SDK/platform/drivers/src/lpit/lpit_driver.o
 .debug_line    0x0000e1d0      0x6f6 ./SDK/platform/drivers/src/lpspi/lpspi_hw_access.o
 .debug_line    0x0000e8c6      0x5c4 ./SDK/platform/drivers/src/lpspi/lpspi_irq.o
 .debug_line    0x0000ee8a      0xad5 ./SDK/platform/drivers/src/lpspi/lpspi_master_driver.o
 .debug_line    0x0000f95f      0x6b7 ./SDK/platform/drivers/src/lpspi/lpspi_shared_function.o
 .debug_line    0x00010016      0x969 ./SDK/platform/drivers/src/lpspi/lpspi_slave_driver.o
 .debug_line    0x0001097f      0x850 ./SDK/platform/drivers/src/pdb/pdb_driver.o
 .debug_line    0x000111cf      0x6b8 ./SDK/platform/drivers/src/pdb/pdb_hw_access.o
 .debug_line    0x00011887      0x763 ./SDK/platform/drivers/src/pins/pins_driver.o
 .debug_line    0x00011fea      0x5a2 ./SDK/platform/drivers/src/pins/pins_port_hw_access.o
 .debug_line    0x0001258c      0x564 ./SDK/platform/drivers/src/trgmux/trgmux_driver.o
 .debug_line    0x00012af0      0x529 ./SDK/platform/drivers/src/trgmux/trgmux_hw_access.o
 .debug_line    0x00013019      0x65e ./SDK/rtos/osif/osif_baremetal.o
 .debug_line    0x00013677      0xaee ./Sources/main.o
 .debug_line    0x00014165      0x851 ./Sources/peripheral/adc/adc.o
 .debug_line    0x000149b6      0x7dd ./Sources/peripheral/io/io.o
 .debug_line    0x00015193      0x82b ./Sources/peripheral/lpit/lpit.o
 .debug_line    0x000159be      0x7c4 ./Sources/peripheral/spi/spi.o
 .debug_line    0x00016182      0x2d7 ./Sources/scheduler/scheduler.o
 .debug_line    0x00016459      0xa9a ./Sources/task/task.o

.debug_str      0x00000000    0x6e444
 .debug_str     0x00000000    0x5ea32 ./Generated_Code/adConv1.o
                              0x5eda2 (size before relaxing)
 .debug_str     0x0005ea32       0x1e ./Generated_Code/clockMan1.o
                              0x5eda4 (size before relaxing)
 .debug_str     0x0005ea50       0x23 ./Generated_Code/dmaController1.o
                              0x5eda9 (size before relaxing)
 .debug_str     0x0005ea73       0x1a ./Generated_Code/lpit1.o
                              0x5eda0 (size before relaxing)
 .debug_str     0x0005ea8d       0x1e ./Generated_Code/lpspiCom1.o
                              0x5eda4 (size before relaxing)
 .debug_str     0x0005eaab       0x1a ./Generated_Code/pdly1.o
                              0x5eda0 (size before relaxing)
 .debug_str     0x0005eac5       0x1c ./Generated_Code/pin_mux.o
                              0x584b8 (size before relaxing)
 .debug_str     0x0005eae1       0x1c ./Generated_Code/trgmux1.o
                              0x5eda2 (size before relaxing)
 .debug_str     0x0005eafd       0x81 ./Project_Settings/Startup_Code/startup_S32K118.o
                                 0xb6 (size before relaxing)
 .debug_str     0x0005eb7e      0x187 ./SDK/platform/devices/S32K118/startup/system_S32K118.o
                              0x57fe7 (size before relaxing)
 .debug_str     0x0005ed05      0x39e ./SDK/platform/devices/startup.o
                              0x581d5 (size before relaxing)
 .debug_str     0x0005f0a3      0xbbb ./SDK/platform/drivers/src/adc/adc_driver.o
                              0x5a203 (size before relaxing)
 .debug_str     0x0005fc5e     0x1eaa ./SDK/platform/drivers/src/clock/S32K1xx/clock_S32K1xx.o
                              0x5bdea (size before relaxing)
 .debug_str     0x00061b08     0x123f ./SDK/platform/drivers/src/edma/edma_driver.o
                              0x5a925 (size before relaxing)
 .debug_str     0x00062d47       0x7d ./SDK/platform/drivers/src/edma/edma_hw_access.o
                              0x58706 (size before relaxing)
 .debug_str     0x00062dc4       0xd3 ./SDK/platform/drivers/src/edma/edma_irq.o
                              0x58379 (size before relaxing)
 .debug_str     0x00062e97     0x223d ./SDK/platform/drivers/src/flexcan/flexcan_driver.o
                              0x5bce1 (size before relaxing)
 .debug_str     0x000650d4      0x542 ./SDK/platform/drivers/src/flexcan/flexcan_hw_access.o
                              0x5a610 (size before relaxing)
 .debug_str     0x00065616       0xa6 ./SDK/platform/drivers/src/flexcan/flexcan_irq.o
                              0x57e29 (size before relaxing)
 .debug_str     0x000656bc      0xbdb ./SDK/platform/drivers/src/ftm/ftm_common.o
                              0x5acc0 (size before relaxing)
 .debug_str     0x00066297      0x445 ./SDK/platform/drivers/src/ftm/ftm_ic_driver.o
                              0x5a187 (size before relaxing)
 .debug_str     0x000666dc      0x1bc ./SDK/platform/drivers/src/interrupt/interrupt_manager.o
                              0x58572 (size before relaxing)
 .debug_str     0x00066898     0x1a50 ./SDK/platform/drivers/src/lpi2c/lpi2c_driver.o
                              0x5b332 (size before relaxing)
 .debug_str     0x000682e8       0xa6 ./SDK/platform/drivers/src/lpi2c/lpi2c_hw_access.o
                              0x58675 (size before relaxing)
 .debug_str     0x0006838e       0x93 ./SDK/platform/drivers/src/lpi2c/lpi2c_irq.o
                              0x58203 (size before relaxing)
 .debug_str     0x00068421      0x687 ./SDK/platform/drivers/src/lpit/lpit_driver.o
                              0x599f7 (size before relaxing)
 .debug_str     0x00068aa8      0x513 ./SDK/platform/drivers/src/lpspi/lpspi_hw_access.o
                              0x599fe (size before relaxing)
 .debug_str     0x00068fbb       0x9e ./SDK/platform/drivers/src/lpspi/lpspi_irq.o
                              0x58d0d (size before relaxing)
 .debug_str     0x00069059     0x31cc ./SDK/platform/drivers/src/lpspi/lpspi_master_driver.o
                              0x5d0f2 (size before relaxing)
 .debug_str     0x0006c225      0x11b ./SDK/platform/drivers/src/lpspi/lpspi_shared_function.o
                              0x58f76 (size before relaxing)
 .debug_str     0x0006c340      0x1a0 ./SDK/platform/drivers/src/lpspi/lpspi_slave_driver.o
                              0x5cb5f (size before relaxing)
 .debug_str     0x0006c4e0      0x572 ./SDK/platform/drivers/src/pdb/pdb_driver.o
                              0x5998b (size before relaxing)
 .debug_str     0x0006ca52       0x6c ./SDK/platform/drivers/src/pdb/pdb_hw_access.o
                              0x5877a (size before relaxing)
 .debug_str     0x0006cabe      0x5c9 ./SDK/platform/drivers/src/pins/pins_driver.o
                              0x592a3 (size before relaxing)
 .debug_str     0x0006d087       0x8f ./SDK/platform/drivers/src/pins/pins_port_hw_access.o
                              0x58612 (size before relaxing)
 .debug_str     0x0006d116      0x218 ./SDK/platform/drivers/src/trgmux/trgmux_driver.o
                              0x59784 (size before relaxing)
 .debug_str     0x0006d32e      0x1d2 ./SDK/platform/drivers/src/trgmux/trgmux_hw_access.o
                              0x596bc (size before relaxing)
 .debug_str     0x0006d500      0x1c8 ./SDK/rtos/osif/osif_baremetal.o
                              0x590de (size before relaxing)
 .debug_str     0x0006d6c8      0x96f ./Sources/main.o
                              0x5f728 (size before relaxing)
 .debug_str     0x0006e037      0x149 ./Sources/peripheral/adc/adc.o
                              0x5f571 (size before relaxing)
 .debug_str     0x0006e180      0x15c ./Sources/peripheral/io/io.o
                              0x5ef55 (size before relaxing)
 .debug_str     0x0006e2dc       0x65 ./Sources/peripheral/lpit/lpit.o
                              0x5eebd (size before relaxing)
 .debug_str     0x0006e341       0x31 ./Sources/peripheral/spi/spi.o
                              0x5edfa (size before relaxing)
 .debug_str     0x0006e372       0x94 ./Sources/scheduler/scheduler.o
                               0x3532 (size before relaxing)
 .debug_str     0x0006e406       0x3e ./Sources/task/task.o
                              0x5eef0 (size before relaxing)

.comment        0x00000000       0xa0
 .comment       0x00000000       0xa0 ./Generated_Code/adConv1.o
                                 0xa1 (size before relaxing)
 .comment       0x000000a0       0xa1 ./Generated_Code/clockMan1.o
 .comment       0x000000a0       0xa1 ./Generated_Code/dmaController1.o
 .comment       0x000000a0       0xa1 ./Generated_Code/lpit1.o
 .comment       0x000000a0       0xa1 ./Generated_Code/lpspiCom1.o
 .comment       0x000000a0       0xa1 ./Generated_Code/pdly1.o
 .comment       0x000000a0       0xa1 ./Generated_Code/pin_mux.o
 .comment       0x000000a0       0xa1 ./Generated_Code/trgmux1.o
 .comment       0x000000a0       0xa1 ./SDK/platform/devices/S32K118/startup/system_S32K118.o
 .comment       0x000000a0       0xa1 ./SDK/platform/devices/startup.o
 .comment       0x000000a0       0xa1 ./SDK/platform/drivers/src/adc/adc_driver.o
 .comment       0x000000a0       0xa1 ./SDK/platform/drivers/src/clock/S32K1xx/clock_S32K1xx.o
 .comment       0x000000a0       0xa1 ./SDK/platform/drivers/src/edma/edma_driver.o
 .comment       0x000000a0       0xa1 ./SDK/platform/drivers/src/edma/edma_hw_access.o
 .comment       0x000000a0       0xa1 ./SDK/platform/drivers/src/edma/edma_irq.o
 .comment       0x000000a0       0xa1 ./SDK/platform/drivers/src/flexcan/flexcan_driver.o
 .comment       0x000000a0       0xa1 ./SDK/platform/drivers/src/flexcan/flexcan_hw_access.o
 .comment       0x000000a0       0xa1 ./SDK/platform/drivers/src/flexcan/flexcan_irq.o
 .comment       0x000000a0       0xa1 ./SDK/platform/drivers/src/ftm/ftm_common.o
 .comment       0x000000a0       0xa1 ./SDK/platform/drivers/src/ftm/ftm_ic_driver.o
 .comment       0x000000a0       0xa1 ./SDK/platform/drivers/src/interrupt/interrupt_manager.o
 .comment       0x000000a0       0xa1 ./SDK/platform/drivers/src/lpi2c/lpi2c_driver.o
 .comment       0x000000a0       0xa1 ./SDK/platform/drivers/src/lpi2c/lpi2c_hw_access.o
 .comment       0x000000a0       0xa1 ./SDK/platform/drivers/src/lpi2c/lpi2c_irq.o
 .comment       0x000000a0       0xa1 ./SDK/platform/drivers/src/lpit/lpit_driver.o
 .comment       0x000000a0       0xa1 ./SDK/platform/drivers/src/lpspi/lpspi_hw_access.o
 .comment       0x000000a0       0xa1 ./SDK/platform/drivers/src/lpspi/lpspi_irq.o
 .comment       0x000000a0       0xa1 ./SDK/platform/drivers/src/lpspi/lpspi_master_driver.o
 .comment       0x000000a0       0xa1 ./SDK/platform/drivers/src/lpspi/lpspi_shared_function.o
 .comment       0x000000a0       0xa1 ./SDK/platform/drivers/src/lpspi/lpspi_slave_driver.o
 .comment       0x000000a0       0xa1 ./SDK/platform/drivers/src/pdb/pdb_driver.o
 .comment       0x000000a0       0xa1 ./SDK/platform/drivers/src/pdb/pdb_hw_access.o
 .comment       0x000000a0       0xa1 ./SDK/platform/drivers/src/pins/pins_driver.o
 .comment       0x000000a0       0xa1 ./SDK/platform/drivers/src/pins/pins_port_hw_access.o
 .comment       0x000000a0       0xa1 ./SDK/platform/drivers/src/trgmux/trgmux_driver.o
 .comment       0x000000a0       0xa1 ./SDK/platform/drivers/src/trgmux/trgmux_hw_access.o
 .comment       0x000000a0       0xa1 ./SDK/rtos/osif/osif_baremetal.o
 .comment       0x000000a0       0xa1 ./Sources/main.o
 .comment       0x000000a0       0xa1 ./Sources/peripheral/adc/adc.o
 .comment       0x000000a0       0xa1 ./Sources/peripheral/io/io.o
 .comment       0x000000a0       0xa1 ./Sources/peripheral/lpit/lpit.o
 .comment       0x000000a0       0xa1 ./Sources/peripheral/spi/spi.o
 .comment       0x000000a0       0xa1 ./Sources/scheduler/scheduler.o
 .comment       0x000000a0       0xa1 ./Sources/task/task.o

.debug_loc      0x00000000    0x1dcb3
 .debug_loc     0x00000000       0xc0 ./SDK/platform/devices/S32K118/startup/system_S32K118.o
 .debug_loc     0x000000c0       0x32 ./SDK/platform/devices/startup.o
 .debug_loc     0x000000f2     0x1c9e ./SDK/platform/drivers/src/adc/adc_driver.o
 .debug_loc     0x00001d90     0x4133 ./SDK/platform/drivers/src/clock/S32K1xx/clock_S32K1xx.o
 .debug_loc     0x00005ec3     0x3213 ./SDK/platform/drivers/src/edma/edma_driver.o
 .debug_loc     0x000090d6      0x894 ./SDK/platform/drivers/src/edma/edma_hw_access.o
 .debug_loc     0x0000996a       0x63 ./SDK/platform/drivers/src/edma/edma_irq.o
 .debug_loc     0x000099cd     0x36d1 ./SDK/platform/drivers/src/flexcan/flexcan_driver.o
 .debug_loc     0x0000d09e     0x202d ./SDK/platform/drivers/src/flexcan/flexcan_hw_access.o
 .debug_loc     0x0000f0cb     0x1e35 ./SDK/platform/drivers/src/ftm/ftm_common.o
 .debug_loc     0x00010f00     0x1d75 ./SDK/platform/drivers/src/ftm/ftm_ic_driver.o
 .debug_loc     0x00012c75      0x677 ./SDK/platform/drivers/src/interrupt/interrupt_manager.o
 .debug_loc     0x000132ec     0x3e06 ./SDK/platform/drivers/src/lpi2c/lpi2c_driver.o
 .debug_loc     0x000170f2       0x74 ./SDK/platform/drivers/src/lpi2c/lpi2c_hw_access.o
 .debug_loc     0x00017166     0x138d ./SDK/platform/drivers/src/lpit/lpit_driver.o
 .debug_loc     0x000184f3      0x8bb ./SDK/platform/drivers/src/lpspi/lpspi_hw_access.o
 .debug_loc     0x00018dae     0x151e ./SDK/platform/drivers/src/lpspi/lpspi_master_driver.o
 .debug_loc     0x0001a2cc      0x3a7 ./SDK/platform/drivers/src/lpspi/lpspi_shared_function.o